Archive member included to satisfy reference by file (symbol)

c:/program files (x86)/atmel/studio/7.0/toolchain/arm/arm-gnu-toolchain/bin/../lib/gcc/arm-none-eabi/6.3.1/../../../../arm-none-eabi/lib/thumb/v7e-m\libc.a(lib_a-exit.o)
                              c:/program files (x86)/atmel/studio/7.0/toolchain/arm/arm-gnu-toolchain/bin/../lib/gcc/arm-none-eabi/6.3.1/../../../../arm-none-eabi/lib/thumb/v7e-m/crt0.o (exit)
c:/program files (x86)/atmel/studio/7.0/toolchain/arm/arm-gnu-toolchain/bin/../lib/gcc/arm-none-eabi/6.3.1/../../../../arm-none-eabi/lib/thumb/v7e-m\libc.a(lib_a-impure.o)
                              c:/program files (x86)/atmel/studio/7.0/toolchain/arm/arm-gnu-toolchain/bin/../lib/gcc/arm-none-eabi/6.3.1/../../../../arm-none-eabi/lib/thumb/v7e-m\libc.a(lib_a-exit.o) (_global_impure_ptr)
c:/program files (x86)/atmel/studio/7.0/toolchain/arm/arm-gnu-toolchain/bin/../lib/gcc/arm-none-eabi/6.3.1/../../../../arm-none-eabi/lib/thumb/v7e-m\libc.a(lib_a-init.o)
                              c:/program files (x86)/atmel/studio/7.0/toolchain/arm/arm-gnu-toolchain/bin/../lib/gcc/arm-none-eabi/6.3.1/../../../../arm-none-eabi/lib/thumb/v7e-m/crt0.o (__libc_init_array)
c:/program files (x86)/atmel/studio/7.0/toolchain/arm/arm-gnu-toolchain/bin/../lib/gcc/arm-none-eabi/6.3.1/../../../../arm-none-eabi/lib/thumb/v7e-m\libc.a(lib_a-iprintf.o)
                              src/main.o (iprintf)
c:/program files (x86)/atmel/studio/7.0/toolchain/arm/arm-gnu-toolchain/bin/../lib/gcc/arm-none-eabi/6.3.1/../../../../arm-none-eabi/lib/thumb/v7e-m\libc.a(lib_a-memset.o)
                              c:/program files (x86)/atmel/studio/7.0/toolchain/arm/arm-gnu-toolchain/bin/../lib/gcc/arm-none-eabi/6.3.1/../../../../arm-none-eabi/lib/thumb/v7e-m/crt0.o (memset)
c:/program files (x86)/atmel/studio/7.0/toolchain/arm/arm-gnu-toolchain/bin/../lib/gcc/arm-none-eabi/6.3.1/../../../../arm-none-eabi/lib/thumb/v7e-m\libc.a(lib_a-puts.o)
                              src/main.o (puts)
c:/program files (x86)/atmel/studio/7.0/toolchain/arm/arm-gnu-toolchain/bin/../lib/gcc/arm-none-eabi/6.3.1/../../../../arm-none-eabi/lib/thumb/v7e-m\libc.a(lib_a-setbuf.o)
                              src/main.o (setbuf)
c:/program files (x86)/atmel/studio/7.0/toolchain/arm/arm-gnu-toolchain/bin/../lib/gcc/arm-none-eabi/6.3.1/../../../../arm-none-eabi/lib/thumb/v7e-m\libc.a(lib_a-setvbuf.o)
                              c:/program files (x86)/atmel/studio/7.0/toolchain/arm/arm-gnu-toolchain/bin/../lib/gcc/arm-none-eabi/6.3.1/../../../../arm-none-eabi/lib/thumb/v7e-m\libc.a(lib_a-setbuf.o) (setvbuf)
c:/program files (x86)/atmel/studio/7.0/toolchain/arm/arm-gnu-toolchain/bin/../lib/gcc/arm-none-eabi/6.3.1/../../../../arm-none-eabi/lib/thumb/v7e-m\libc.a(lib_a-strlen.o)
                              c:/program files (x86)/atmel/studio/7.0/toolchain/arm/arm-gnu-toolchain/bin/../lib/gcc/arm-none-eabi/6.3.1/../../../../arm-none-eabi/lib/thumb/v7e-m\libc.a(lib_a-puts.o) (strlen)
c:/program files (x86)/atmel/studio/7.0/toolchain/arm/arm-gnu-toolchain/bin/../lib/gcc/arm-none-eabi/6.3.1/../../../../arm-none-eabi/lib/thumb/v7e-m\libc.a(lib_a-vfiprintf.o)
                              c:/program files (x86)/atmel/studio/7.0/toolchain/arm/arm-gnu-toolchain/bin/../lib/gcc/arm-none-eabi/6.3.1/../../../../arm-none-eabi/lib/thumb/v7e-m\libc.a(lib_a-iprintf.o) (_vfiprintf_r)
c:/program files (x86)/atmel/studio/7.0/toolchain/arm/arm-gnu-toolchain/bin/../lib/gcc/arm-none-eabi/6.3.1/../../../../arm-none-eabi/lib/thumb/v7e-m\libc.a(lib_a-wsetup.o)
                              c:/program files (x86)/atmel/studio/7.0/toolchain/arm/arm-gnu-toolchain/bin/../lib/gcc/arm-none-eabi/6.3.1/../../../../arm-none-eabi/lib/thumb/v7e-m\libc.a(lib_a-vfiprintf.o) (__swsetup_r)
c:/program files (x86)/atmel/studio/7.0/toolchain/arm/arm-gnu-toolchain/bin/../lib/gcc/arm-none-eabi/6.3.1/../../../../arm-none-eabi/lib/thumb/v7e-m\libc.a(lib_a-__call_atexit.o)
                              c:/program files (x86)/atmel/studio/7.0/toolchain/arm/arm-gnu-toolchain/bin/../lib/gcc/arm-none-eabi/6.3.1/../../../../arm-none-eabi/lib/thumb/v7e-m\libc.a(lib_a-exit.o) (__call_exitprocs)
c:/program files (x86)/atmel/studio/7.0/toolchain/arm/arm-gnu-toolchain/bin/../lib/gcc/arm-none-eabi/6.3.1/../../../../arm-none-eabi/lib/thumb/v7e-m\libc.a(lib_a-atexit.o)
                              c:/program files (x86)/atmel/studio/7.0/toolchain/arm/arm-gnu-toolchain/bin/../lib/gcc/arm-none-eabi/6.3.1/../../../../arm-none-eabi/lib/thumb/v7e-m\libc.a(lib_a-__call_atexit.o) (atexit)
c:/program files (x86)/atmel/studio/7.0/toolchain/arm/arm-gnu-toolchain/bin/../lib/gcc/arm-none-eabi/6.3.1/../../../../arm-none-eabi/lib/thumb/v7e-m\libc.a(lib_a-fflush.o)
                              c:/program files (x86)/atmel/studio/7.0/toolchain/arm/arm-gnu-toolchain/bin/../lib/gcc/arm-none-eabi/6.3.1/../../../../arm-none-eabi/lib/thumb/v7e-m\libc.a(lib_a-setvbuf.o) (_fflush_r)
[...]
Memory Configuration

Name             Origin             Length             Attributes
rom              0x00400000         0x00100000         xr
ram              0x20000000         0x00020000         xrw
*default*        0x00000000         0xffffffff

Linker script and memory map

LOAD c:/program files (x86)/atmel/studio/7.0/toolchain/arm/arm-gnu-toolchain/bin/../lib/gcc/arm-none-eabi/6.3.1/thumb/v7e-m/crti.o
LOAD c:/program files (x86)/atmel/studio/7.0/toolchain/arm/arm-gnu-toolchain/bin/../lib/gcc/arm-none-eabi/6.3.1/thumb/v7e-m/crtbegin.o
LOAD c:/program files (x86)/atmel/studio/7.0/toolchain/arm/arm-gnu-toolchain/bin/../lib/gcc/arm-none-eabi/6.3.1/../../../../arm-none-eabi/lib/thumb/v7e-m/crt0.o
LOAD src/ASF/common/services/clock/sam4e/sysclk.o
LOAD src/ASF/common/services/serial/usart_serial.o
LOAD src/ASF/common/utils/interrupt/interrupt_sam_nvic.o
LOAD src/ASF/common/utils/stdio/read.o
LOAD src/ASF/common/utils/stdio/write.o
LOAD src/ASF/sam/boards/sam4e_xplained_pro/init.o
LOAD src/ASF/sam/drivers/pmc/pmc.o
LOAD src/ASF/sam/drivers/pmc/sleep.o
LOAD src/ASF/sam/drivers/twi/twi.o
LOAD src/ASF/sam/drivers/uart/uart.o
LOAD src/ASF/sam/drivers/usart/usart.o
LOAD src/ASF/sam/utils/cmsis/sam4e/source/templates/exceptions.o
LOAD src/ASF/sam/utils/cmsis/sam4e/source/templates/gcc/startup_sam4e.o
LOAD src/ASF/sam/utils/cmsis/sam4e/source/templates/system_sam4e.o
LOAD src/ASF/sam/utils/syscalls/gcc/syscalls.o
LOAD src/main.o
START GROUP
LOAD ../src/ASF/thirdparty/CMSIS/Lib/GCC\libarm_cortexM4lf_math_softfp.a
LOAD c:/program files (x86)/atmel/studio/7.0/toolchain/arm/arm-gnu-toolchain/bin/../lib/gcc/arm-none-eabi/6.3.1/../../../../arm-none-eabi/lib/thumb/v7e-m\libm.a
END GROUP
START GROUP
LOAD c:/program files (x86)/atmel/studio/7.0/toolchain/arm/arm-gnu-toolchain/bin/../lib/gcc/arm-none-eabi/6.3.1/thumb/v7e-m\libgcc.a
LOAD c:/program files (x86)/atmel/studio/7.0/toolchain/arm/arm-gnu-toolchain/bin/../lib/gcc/arm-none-eabi/6.3.1/../../../../arm-none-eabi/lib/thumb/v7e-m\libc.a
END GROUP
LOAD c:/program files (x86)/atmel/studio/7.0/toolchain/arm/arm-gnu-toolchain/bin/../lib/gcc/arm-none-eabi/6.3.1/thumb/v7e-m/crtend.o
LOAD c:/program files (x86)/atmel/studio/7.0/toolchain/arm/arm-gnu-toolchain/bin/../lib/gcc/arm-none-eabi/6.3.1/thumb/v7e-m/crtn.o
                0x00003000                __stack_size__ = DEFINED (__stack_size__)?__stack_size__:0x3000
                0x2001fffc                __ram_end__ = ((ORIGIN (ram) + LENGTH (ram)) - 0x4)

.text           0x00400000     0x40d8
                0x00400000                . = ALIGN (0x4)
                0x00400000                _sfixed = .
 *(.vectors .vectors.*)
 .vectors       0x00400000       0xf8 src/ASF/sam/utils/cmsis/sam4e/source/templates/gcc/startup_sam4e.o
                0x00400000                exception_table
 *(.text .text.* .gnu.linkonce.t.*)
 .text          0x004000f8       0x6c c:/program files (x86)/atmel/studio/7.0/toolchain/arm/arm-gnu-toolchain/bin/../lib/gcc/arm-none-eabi/6.3.1/thumb/v7e-m/crtbegin.o
 .text.sysclk_init
                0x00400164       0x64 src/ASF/common/services/clock/sam4e/sysclk.o
                0x00400164                sysclk_init
 .text._read    0x004001c8       0x3c src/ASF/common/utils/stdio/read.o
                0x004001c8                _read
 .text._write   0x00400204       0x50 src/ASF/common/utils/stdio/write.o
                0x00400204                _write
 .text.board_init
                0x00400254       0xdc src/ASF/sam/boards/sam4e_xplained_pro/init.o
                0x00400254                board_init
 .text.pmc_switch_mck_to_pllack
                0x00400330       0x64 src/ASF/sam/drivers/pmc/pmc.o
                0x00400330                pmc_switch_mck_to_pllack
 .text.pmc_switch_mainck_to_xtal
                0x00400394       0x54 src/ASF/sam/drivers/pmc/pmc.o
                0x00400394                pmc_switch_mainck_to_xtal
 .text.pmc_osc_is_ready_mainck
                0x004003e8       0x10 src/ASF/sam/drivers/pmc/pmc.o
                0x004003e8                pmc_osc_is_ready_mainck
 .text.pmc_disable_pllack
                0x004003f8       0x10 src/ASF/sam/drivers/pmc/pmc.o
                0x004003f8                pmc_disable_pllack
 .text.pmc_is_locked_pllack
                0x00400408       0x10 src/ASF/sam/drivers/pmc/pmc.o
                0x00400408                pmc_is_locked_pllack
 .text.pmc_enable_periph_clk
                0x00400418       0x54 src/ASF/sam/drivers/pmc/pmc.o
                0x00400418                pmc_enable_periph_clk
 .text.twi_set_speed
                0x0040046c       0xb8 src/ASF/sam/drivers/twi/twi.o
                0x0040046c                twi_set_speed
 .text.twi_master_init
                0x00400524       0x40 src/ASF/sam/drivers/twi/twi.o
                0x00400524                twi_master_init
 .text.twi_mk_addr
                0x00400564       0x22 src/ASF/sam/drivers/twi/twi.o
                0x00400564                twi_mk_addr
 *fill*         0x00400586        0x2 
 .text.twi_master_read
                0x00400588       0xc0 src/ASF/sam/drivers/twi/twi.o
                0x00400588                twi_master_read
 .text.uart_init
                0x00400648       0x38 src/ASF/sam/drivers/uart/uart.o
                0x00400648                uart_init
 .text.uart_write
                0x00400680       0x10 src/ASF/sam/drivers/uart/uart.o
                0x00400680                uart_write
 .text.uart_read
                0x00400690       0x12 src/ASF/sam/drivers/uart/uart.o
                0x00400690                uart_read
 .text.usart_write
                0x004006a2       0x14 src/ASF/sam/drivers/usart/usart.o
                0x004006a2                usart_write
 .text.usart_read
                0x004006b6       0x18 src/ASF/sam/drivers/usart/usart.o
                0x004006b6                usart_read
 .text.Dummy_Handler
                0x004006ce        0x2 src/ASF/sam/utils/cmsis/sam4e/source/templates/exceptions.o
                0x004006ce                DACC_Handler
                0x004006ce                DebugMon_Handler
                0x004006ce                DMAC_Handler
                0x004006ce                HardFault_Handler
                0x004006ce                TC2_Handler
                0x004006ce                SPI_Handler
                0x004006ce                SysTick_Handler
                0x004006ce                TWI1_Handler
                0x004006ce                AFEC1_Handler
                0x004006ce                PendSV_Handler
                0x004006ce                NMI_Handler
                0x004006ce                TC7_Handler
                0x004006ce                SMC_Handler
                0x004006ce                USART0_Handler
                0x004006ce                RTT_Handler
                0x004006ce                PIOB_Handler
                0x004006ce                RTC_Handler
                0x004006ce                UsageFault_Handler
                0x004006ce                TC6_Handler
                0x004006ce                WDT_Handler
                0x004006ce                CAN0_Handler
                0x004006ce                TC4_Handler
                0x004006ce                TC1_Handler
                0x004006ce                HSMCI_Handler
                0x004006ce                UART1_Handler
                0x004006ce                TC3_Handler
                0x004006ce                ARM_Handler
                0x004006ce                Dummy_Handler
                0x004006ce                TWI0_Handler
                0x004006ce                USART1_Handler
                0x004006ce                PIOA_Handler
                0x004006ce                AFEC0_Handler
                0x004006ce                ACC_Handler
                0x004006ce                PMC_Handler
                0x004006ce                PWM_Handler
                0x004006ce                GMAC_Handler
                0x004006ce                CAN1_Handler
                0x004006ce                MemManage_Handler
                0x004006ce                SUPC_Handler
                0x004006ce                SVC_Handler
                0x004006ce                TC8_Handler
                0x004006ce                EFC_Handler
                0x004006ce                PIOE_Handler
                0x004006ce                PIOD_Handler
                0x004006ce                UART0_Handler
                0x004006ce                PIOC_Handler
                0x004006ce                UDP_Handler
                0x004006ce                BusFault_Handler
                0x004006ce                RSTC_Handler
                0x004006ce                TC0_Handler
                0x004006ce                TC5_Handler
                0x004006ce                AES_Handler
 .text.Reset_Handler
                0x004006d0       0xc8 src/ASF/sam/utils/cmsis/sam4e/source/templates/gcc/startup_sam4e.o
                0x004006d0                Reset_Handler
 .text.SystemCoreClockUpdate
                0x00400798      0x10c src/ASF/sam/utils/cmsis/sam4e/source/templates/system_sam4e.o
                0x00400798                SystemCoreClockUpdate
 .text.system_init_flash
                0x004008a4       0x74 src/ASF/sam/utils/cmsis/sam4e/source/templates/system_sam4e.o
                0x004008a4                system_init_flash
 .text._sbrk    0x00400918       0x38 src/ASF/sam/utils/syscalls/gcc/syscalls.o
                0x00400918                _sbrk
 .text._close   0x00400950        0x6 src/ASF/sam/utils/syscalls/gcc/syscalls.o
                0x00400950                _close
 .text._fstat   0x00400956        0xa src/ASF/sam/utils/syscalls/gcc/syscalls.o
                0x00400956                _fstat
 .text._isatty  0x00400960        0x4 src/ASF/sam/utils/syscalls/gcc/syscalls.o
                0x00400960                _isatty
 .text._lseek   0x00400964        0x4 src/ASF/sam/utils/syscalls/gcc/syscalls.o
                0x00400964                _lseek
 .text.usart_serial_getchar
                0x00400968       0x88 src/main.o
 .text.usart_serial_putchar
                0x004009f0       0x80 src/main.o
 .text.main     0x00400a70      0x2fc src/main.o
                0x00400a70                main
 .text.__libc_init_array
                0x00400d6c       0x50 c:/program files (x86)/atmel/studio/7.0/toolchain/arm/arm-gnu-toolchain/bin/../lib/gcc/arm-none-eabi/6.3.1/../../../../arm-none-eabi/lib/thumb/v7e-m\libc.a(lib_a-init.o)
                0x00400d6c                __libc_init_array
 .text.iprintf  0x00400dbc       0x28 c:/program files (x86)/atmel/studio/7.0/toolchain/arm/arm-gnu-toolchain/bin/../lib/gcc/arm-none-eabi/6.3.1/../../../../arm-none-eabi/lib/thumb/v7e-m\libc.a(lib_a-iprintf.o)
                0x00400dbc                iprintf
 .text.memset   0x00400de4       0x9c c:/program files (x86)/atmel/studio/7.0/toolchain/arm/arm-gnu-toolchain/bin/../lib/gcc/arm-none-eabi/6.3.1/../../../../arm-none-eabi/lib/thumb/v7e-m\libc.a(lib_a-memset.o)
                0x00400de4                memset
 .text._puts_r  0x00400e80       0x9c c:/program files (x86)/atmel/studio/7.0/toolchain/arm/arm-gnu-toolchain/bin/../lib/gcc/arm-none-eabi/6.3.1/../../../../arm-none-eabi/lib/thumb/v7e-m\libc.a(lib_a-puts.o)
                0x00400e80                _puts_r
 .text.puts     0x00400f1c       0x10 c:/program files (x86)/atmel/studio/7.0/toolchain/arm/arm-gnu-toolchain/bin/../lib/gcc/arm-none-eabi/6.3.1/../../../../arm-none-eabi/lib/thumb/v7e-m\libc.a(lib_a-puts.o)
                0x00400f1c                puts
 .text.setbuf   0x00400f2c       0x10 c:/program files (x86)/atmel/studio/7.0/toolchain/arm/arm-gnu-toolchain/bin/../lib/gcc/arm-none-eabi/6.3.1/../../../../arm-none-eabi/lib/thumb/v7e-m\libc.a(lib_a-setbuf.o)
                0x00400f2c                setbuf
 .text.setvbuf  0x00400f3c      0x190 c:/program files (x86)/atmel/studio/7.0/toolchain/arm/arm-gnu-toolchain/bin/../lib/gcc/arm-none-eabi/6.3.1/../../../../arm-none-eabi/lib/thumb/v7e-m\libc.a(lib_a-setvbuf.o)
                0x00400f3c                setvbuf
 *fill*         0x004010cc       0x34 
 .text          0x00401100       0xdc c:/program files (x86)/atmel/studio/7.0/toolchain/arm/arm-gnu-toolchain/bin/../lib/gcc/arm-none-eabi/6.3.1/../../../../arm-none-eabi/lib/thumb/v7e-m\libc.a(lib_a-strlen.o)
                0x00401100                strlen
 .text.__sprint_r.part.0
                0x004011dc       0x80 c:/program files (x86)/atmel/studio/7.0/toolchain/arm/arm-gnu-toolchain/bin/../lib/gcc/arm-none-eabi/6.3.1/../../../../arm-none-eabi/lib/thumb/v7e-m\libc.a(lib_a-vfiprintf.o)
 .text._vfiprintf_r
                0x0040125c      0xc90 c:/program files (x86)/atmel/studio/7.0/toolchain/arm/arm-gnu-toolchain/bin/../lib/gcc/arm-none-eabi/6.3.1/../../../../arm-none-eabi/lib/thumb/v7e-m\libc.a(lib_a-vfiprintf.o)
                0x0040125c                _vfiprintf_r
 .text.__sbprintf
                0x00401eec       0x84 c:/program files (x86)/atmel/studio/7.0/toolchain/arm/arm-gnu-toolchain/bin/../lib/gcc/arm-none-eabi/6.3.1/../../../../arm-none-eabi/lib/thumb/v7e-m\libc.a(lib_a-vfiprintf.o)
 .text.__swsetup_r
                0x00401f70       0xc8 c:/program files (x86)/atmel/studio/7.0/toolchain/arm/arm-gnu-toolchain/bin/../lib/gcc/arm-none-eabi/6.3.1/../../../../arm-none-eabi/lib/thumb/v7e-m\libc.a(lib_a-wsetup.o)
                0x00401f70                __swsetup_r
 .text.startup.register_fini
                0x00402038       0x14 c:/program files (x86)/atmel/studio/7.0/toolchain/arm/arm-gnu-toolchain/bin/../lib/gcc/arm-none-eabi/6.3.1/../../../../arm-none-eabi/lib/thumb/v7e-m\libc.a(lib_a-__call_atexit.o)
 .text.atexit   0x0040204c        0xc c:/program files (x86)/atmel/studio/7.0/toolchain/arm/arm-gnu-toolchain/bin/../lib/gcc/arm-none-eabi/6.3.1/../../../../arm-none-eabi/lib/thumb/v7e-m\libc.a(lib_a-atexit.o)
                0x0040204c                atexit
 .text.__sflush_r
                0x00402058      0x140 c:/program files (x86)/atmel/studio/7.0/toolchain/arm/arm-gnu-toolchain/bin/../lib/gcc/arm-none-eabi/6.3.1/../../../../arm-none-eabi/lib/thumb/v7e-m\libc.a(lib_a-fflush.o)
                0x00402058                __sflush_r
 .text._fflush_r
                0x00402198       0x54 c:/program files (x86)/atmel/studio/7.0/toolchain/arm/arm-gnu-toolchain/bin/../lib/gcc/arm-none-eabi/6.3.1/../../../../arm-none-eabi/lib/thumb/v7e-m\libc.a(lib_a-fflush.o)
                0x00402198                _fflush_r
 .text._cleanup_r
                0x004021ec        0xc c:/program files (x86)/atmel/studio/7.0/toolchain/arm/arm-gnu-toolchain/bin/../lib/gcc/arm-none-eabi/6.3.1/../../../../arm-none-eabi/lib/thumb/v7e-m\libc.a(lib_a-findfp.o)
                0x004021ec                _cleanup_r
 .text.std.isra.0
                0x004021f8       0x50 c:/program files (x86)/atmel/studio/7.0/toolchain/arm/arm-gnu-toolchain/bin/../lib/gcc/arm-none-eabi/6.3.1/../../../../arm-none-eabi/lib/thumb/v7e-m\libc.a(lib_a-findfp.o)
 .text.__sinit  0x00402248       0x58 c:/program files (x86)/atmel/studio/7.0/toolchain/arm/arm-gnu-toolchain/bin/../lib/gcc/arm-none-eabi/6.3.1/../../../../arm-none-eabi/lib/thumb/v7e-m\libc.a(lib_a-findfp.o)
                0x00402248                __sinit
 .text.__sfp_lock_acquire
                0x004022a0        0xc c:/program files (x86)/atmel/studio/7.0/toolchain/arm/arm-gnu-toolchain/bin/../lib/gcc/arm-none-eabi/6.3.1/../../../../arm-none-eabi/lib/thumb/v7e-m\libc.a(lib_a-findfp.o)
                0x004022a0                __sfp_lock_acquire
 .text.__sfp_lock_release
                0x004022ac        0xc c:/program files (x86)/atmel/studio/7.0/toolchain/arm/arm-gnu-toolchain/bin/../lib/gcc/arm-none-eabi/6.3.1/../../../../arm-none-eabi/lib/thumb/v7e-m\libc.a(lib_a-findfp.o)
                0x004022ac                __sfp_lock_release
 .text.__libc_fini_array
                0x004022b8       0x34 c:/program files (x86)/atmel/studio/7.0/toolchain/arm/arm-gnu-toolchain/bin/../lib/gcc/arm-none-eabi/6.3.1/../../../../arm-none-eabi/lib/thumb/v7e-m\libc.a(lib_a-fini.o)
                0x004022b8                __libc_fini_array
 .text.__fputwc
                0x004022ec       0xa0 c:/program files (x86)/atmel/studio/7.0/toolchain/arm/arm-gnu-toolchain/bin/../lib/gcc/arm-none-eabi/6.3.1/../../../../arm-none-eabi/lib/thumb/v7e-m\libc.a(lib_a-fputwc.o)
                0x004022ec                __fputwc
 .text._fputwc_r
                0x0040238c       0x68 c:/program files (x86)/atmel/studio/7.0/toolchain/arm/arm-gnu-toolchain/bin/../lib/gcc/arm-none-eabi/6.3.1/../../../../arm-none-eabi/lib/thumb/v7e-m\libc.a(lib_a-fputwc.o)
                0x0040238c                _fputwc_r
 .text._malloc_trim_r
                0x004023f4       0xa0 c:/program files (x86)/atmel/studio/7.0/toolchain/arm/arm-gnu-toolchain/bin/../lib/gcc/arm-none-eabi/6.3.1/../../../../arm-none-eabi/lib/thumb/v7e-m\libc.a(lib_a-freer.o)
                0x004023f4                _malloc_trim_r
 .text._free_r  0x00402494      0x1cc c:/program files (x86)/atmel/studio/7.0/toolchain/arm/arm-gnu-toolchain/bin/../lib/gcc/arm-none-eabi/6.3.1/../../../../arm-none-eabi/lib/thumb/v7e-m\libc.a(lib_a-freer.o)
                0x00402494                _free_r
 .text.__sfvwrite_r
                0x00402660      0x2f0 c:/program files (x86)/atmel/studio/7.0/toolchain/arm/arm-gnu-toolchain/bin/../lib/gcc/arm-none-eabi/6.3.1/../../../../arm-none-eabi/lib/thumb/v7e-m\libc.a(lib_a-fvwrite.o)
                0x00402660                __sfvwrite_r
 .text._fwalk_reent
                0x00402950       0x54 c:/program files (x86)/atmel/studio/7.0/toolchain/arm/arm-gnu-toolchain/bin/../lib/gcc/arm-none-eabi/6.3.1/../../../../arm-none-eabi/lib/thumb/v7e-m\libc.a(lib_a-fwalk.o)
                0x00402950                _fwalk_reent
 .text.__locale_mb_cur_max
                0x004029a4       0x1c c:/program files (x86)/atmel/studio/7.0/toolchain/arm/arm-gnu-toolchain/bin/../lib/gcc/arm-none-eabi/6.3.1/../../../../arm-none-eabi/lib/thumb/v7e-m\libc.a(lib_a-locale.o)
                0x004029a4                __locale_mb_cur_max
 .text.__retarget_lock_init_recursive
                0x004029c0        0x4 c:/program files (x86)/atmel/studio/7.0/toolchain/arm/arm-gnu-toolchain/bin/../lib/gcc/arm-none-eabi/6.3.1/../../../../arm-none-eabi/lib/thumb/v7e-m\libc.a(lib_a-lock.o)
                0x004029c0                __retarget_lock_init_recursive
 .text.__retarget_lock_close_recursive
                0x004029c4        0x4 c:/program files (x86)/atmel/studio/7.0/toolchain/arm/arm-gnu-toolchain/bin/../lib/gcc/arm-none-eabi/6.3.1/../../../../arm-none-eabi/lib/thumb/v7e-m\libc.a(lib_a-lock.o)
                0x004029c4                __retarget_lock_close_recursive
 .text.__retarget_lock_acquire_recursive
                0x004029c8        0x4 c:/program files (x86)/atmel/studio/7.0/toolchain/arm/arm-gnu-toolchain/bin/../lib/gcc/arm-none-eabi/6.3.1/../../../../arm-none-eabi/lib/thumb/v7e-m\libc.a(lib_a-lock.o)
                0x004029c8                __retarget_lock_acquire_recursive
 .text.__retarget_lock_release_recursive
                0x004029cc        0x4 c:/program files (x86)/atmel/studio/7.0/toolchain/arm/arm-gnu-toolchain/bin/../lib/gcc/arm-none-eabi/6.3.1/../../../../arm-none-eabi/lib/thumb/v7e-m\libc.a(lib_a-lock.o)
                0x004029cc                __retarget_lock_release_recursive
 .text.__swhatbuf_r
                0x004029d0       0x5c c:/program files (x86)/atmel/studio/7.0/toolchain/arm/arm-gnu-toolchain/bin/../lib/gcc/arm-none-eabi/6.3.1/../../../../arm-none-eabi/lib/thumb/v7e-m\libc.a(lib_a-makebuf.o)
                0x004029d0                __swhatbuf_r
 .text.__smakebuf_r
                0x00402a2c       0x94 c:/program files (x86)/atmel/studio/7.0/toolchain/arm/arm-gnu-toolchain/bin/../lib/gcc/arm-none-eabi/6.3.1/../../../../arm-none-eabi/lib/thumb/v7e-m\libc.a(lib_a-makebuf.o)
                0x00402a2c                __smakebuf_r
 .text.malloc   0x00402ac0       0x10 c:/program files (x86)/atmel/studio/7.0/toolchain/arm/arm-gnu-toolchain/bin/../lib/gcc/arm-none-eabi/6.3.1/../../../../arm-none-eabi/lib/thumb/v7e-m\libc.a(lib_a-malloc.o)
                0x00402ac0                malloc
 .text._malloc_r
                0x00402ad0      0x560 c:/program files (x86)/atmel/studio/7.0/toolchain/arm/arm-gnu-toolchain/bin/../lib/gcc/arm-none-eabi/6.3.1/../../../../arm-none-eabi/lib/thumb/v7e-m\libc.a(lib_a-mallocr.o)
                0x00402ad0                _malloc_r
 .text.__ascii_mbtowc
                0x00403030       0x2c c:/program files (x86)/atmel/studio/7.0/toolchain/arm/arm-gnu-toolchain/bin/../lib/gcc/arm-none-eabi/6.3.1/../../../../arm-none-eabi/lib/thumb/v7e-m\libc.a(lib_a-mbtowc_r.o)
                0x00403030                __ascii_mbtowc
 *fill*         0x0040305c        0x4 
 .text          0x00403060       0xa0 c:/program files (x86)/atmel/studio/7.0/toolchain/arm/arm-gnu-toolchain/bin/../lib/gcc/arm-none-eabi/6.3.1/../../../../arm-none-eabi/lib/thumb/v7e-m\libc.a(lib_a-memchr.o)
                0x00403060                memchr
 .text          0x00403100      0x134 c:/program files (x86)/atmel/studio/7.0/toolchain/arm/arm-gnu-toolchain/bin/../lib/gcc/arm-none-eabi/6.3.1/../../../../arm-none-eabi/lib/thumb/v7e-m\libc.a(lib_a-memcpy.o)
                0x00403100                memcpy
 .text.memmove  0x00403234       0xc8 c:/program files (x86)/atmel/studio/7.0/toolchain/arm/arm-gnu-toolchain/bin/../lib/gcc/arm-none-eabi/6.3.1/../../../../arm-none-eabi/lib/thumb/v7e-m\libc.a(lib_a-memmove.o)
                0x00403234                memmove
 .text.__malloc_lock
                0x004032fc        0xc c:/program files (x86)/atmel/studio/7.0/toolchain/arm/arm-gnu-toolchain/bin/../lib/gcc/arm-none-eabi/6.3.1/../../../../arm-none-eabi/lib/thumb/v7e-m\libc.a(lib_a-mlock.o)
                0x004032fc                __malloc_lock
 .text.__malloc_unlock
                0x00403308        0xc c:/program files (x86)/atmel/studio/7.0/toolchain/arm/arm-gnu-toolchain/bin/../lib/gcc/arm-none-eabi/6.3.1/../../../../arm-none-eabi/lib/thumb/v7e-m\libc.a(lib_a-mlock.o)
                0x00403308                __malloc_unlock
 .text._realloc_r
                0x00403314      0x34c c:/program files (x86)/atmel/studio/7.0/toolchain/arm/arm-gnu-toolchain/bin/../lib/gcc/arm-none-eabi/6.3.1/../../../../arm-none-eabi/lib/thumb/v7e-m\libc.a(lib_a-reallocr.o)
                0x00403314                _realloc_r
 .text._sbrk_r  0x00403660       0x24 c:/program files (x86)/atmel/studio/7.0/toolchain/arm/arm-gnu-toolchain/bin/../lib/gcc/arm-none-eabi/6.3.1/../../../../arm-none-eabi/lib/thumb/v7e-m\libc.a(lib_a-sbrkr.o)
                0x00403660                _sbrk_r
 .text.__sread  0x00403684       0x24 c:/program files (x86)/atmel/studio/7.0/toolchain/arm/arm-gnu-toolchain/bin/../lib/gcc/arm-none-eabi/6.3.1/../../../../arm-none-eabi/lib/thumb/v7e-m\libc.a(lib_a-stdio.o)
                0x00403684                __sread
 .text.__swrite
                0x004036a8       0x3c c:/program files (x86)/atmel/studio/7.0/toolchain/arm/arm-gnu-toolchain/bin/../lib/gcc/arm-none-eabi/6.3.1/../../../../arm-none-eabi/lib/thumb/v7e-m\libc.a(lib_a-stdio.o)
                0x004036a8                __swrite
 .text.__sseek  0x004036e4       0x20 c:/program files (x86)/atmel/studio/7.0/toolchain/arm/arm-gnu-toolchain/bin/../lib/gcc/arm-none-eabi/6.3.1/../../../../arm-none-eabi/lib/thumb/v7e-m\libc.a(lib_a-stdio.o)
                0x004036e4                __sseek
 .text.__sclose
                0x00403704        0x8 c:/program files (x86)/atmel/studio/7.0/toolchain/arm/arm-gnu-toolchain/bin/../lib/gcc/arm-none-eabi/6.3.1/../../../../arm-none-eabi/lib/thumb/v7e-m\libc.a(lib_a-stdio.o)
                0x00403704                __sclose
 .text.__swbuf_r
                0x0040370c       0xb0 c:/program files (x86)/atmel/studio/7.0/toolchain/arm/arm-gnu-toolchain/bin/../lib/gcc/arm-none-eabi/6.3.1/../../../../arm-none-eabi/lib/thumb/v7e-m\libc.a(lib_a-wbuf.o)
                0x0040370c                __swbuf_r
 .text._wcrtomb_r
                0x004037bc       0x54 c:/program files (x86)/atmel/studio/7.0/toolchain/arm/arm-gnu-toolchain/bin/../lib/gcc/arm-none-eabi/6.3.1/../../../../arm-none-eabi/lib/thumb/v7e-m\libc.a(lib_a-wcrtomb.o)
                0x004037bc                _wcrtomb_r
 .text.__ascii_wctomb
                0x00403810       0x1c c:/program files (x86)/atmel/studio/7.0/toolchain/arm/arm-gnu-toolchain/bin/../lib/gcc/arm-none-eabi/6.3.1/../../../../arm-none-eabi/lib/thumb/v7e-m\libc.a(lib_a-wctomb_r.o)
                0x00403810                __ascii_wctomb
 .text._write_r
                0x0040382c       0x2c c:/program files (x86)/atmel/studio/7.0/toolchain/arm/arm-gnu-toolchain/bin/../lib/gcc/arm-none-eabi/6.3.1/../../../../arm-none-eabi/lib/thumb/v7e-m\libc.a(lib_a-writer.o)
                0x0040382c                _write_r
 .text.__register_exitproc
                0x00403858       0xc4 c:/program files (x86)/atmel/studio/7.0/toolchain/arm/arm-gnu-toolchain/bin/../lib/gcc/arm-none-eabi/6.3.1/../../../../arm-none-eabi/lib/thumb/v7e-m\libc.a(lib_a-__atexit.o)
                0x00403858                __register_exitproc
 .text._close_r
                0x0040391c       0x24 c:/program files (x86)/atmel/studio/7.0/toolchain/arm/arm-gnu-toolchain/bin/../lib/gcc/arm-none-eabi/6.3.1/../../../../arm-none-eabi/lib/thumb/v7e-m\libc.a(lib_a-closer.o)
                0x0040391c                _close_r
 .text._fclose_r
                0x00403940       0xc4 c:/program files (x86)/atmel/studio/7.0/toolchain/arm/arm-gnu-toolchain/bin/../lib/gcc/arm-none-eabi/6.3.1/../../../../arm-none-eabi/lib/thumb/v7e-m\libc.a(lib_a-fclose.o)
                0x00403940                _fclose_r
 .text._fstat_r
                0x00403a04       0x28 c:/program files (x86)/atmel/studio/7.0/toolchain/arm/arm-gnu-toolchain/bin/../lib/gcc/arm-none-eabi/6.3.1/../../../../arm-none-eabi/lib/thumb/v7e-m\libc.a(lib_a-fstatr.o)
                0x00403a04                _fstat_r
 .text._isatty_r
                0x00403a2c       0x24 c:/program files (x86)/atmel/studio/7.0/toolchain/arm/arm-gnu-toolchain/bin/../lib/gcc/arm-none-eabi/6.3.1/../../../../arm-none-eabi/lib/thumb/v7e-m\libc.a(lib_a-isattyr.o)
                0x00403a2c                _isatty_r
 .text._lseek_r
                0x00403a50       0x2c c:/program files (x86)/atmel/studio/7.0/toolchain/arm/arm-gnu-toolchain/bin/../lib/gcc/arm-none-eabi/6.3.1/../../../../arm-none-eabi/lib/thumb/v7e-m\libc.a(lib_a-lseekr.o)
                0x00403a50                _lseek_r
 .text._read_r  0x00403a7c       0x2c c:/program files (x86)/atmel/studio/7.0/toolchain/arm/arm-gnu-toolchain/bin/../lib/gcc/arm-none-eabi/6.3.1/../../../../arm-none-eabi/lib/thumb/v7e-m\libc.a(lib_a-readr.o)
                0x00403a7c                _read_r
 .text          0x00403aa8       0x30 c:/program files (x86)/atmel/studio/7.0/toolchain/arm/arm-gnu-toolchain/bin/../lib/gcc/arm-none-eabi/6.3.1/thumb/v7e-m\libgcc.a(_aeabi_uldivmod.o)
                0x00403aa8                __aeabi_uldivmod
 .text          0x00403ad8      0x2dc c:/program files (x86)/atmel/studio/7.0/toolchain/arm/arm-gnu-toolchain/bin/../lib/gcc/arm-none-eabi/6.3.1/thumb/v7e-m\libgcc.a(_udivmoddi4.o)
                0x00403ad8                __udivmoddi4
 .text          0x00403db4        0x4 c:/program files (x86)/atmel/studio/7.0/toolchain/arm/arm-gnu-toolchain/bin/../lib/gcc/arm-none-eabi/6.3.1/thumb/v7e-m\libgcc.a(_dvmd_tls.o)
                0x00403db4                __aeabi_idiv0
                0x00403db4                __aeabi_ldiv0
 *(.glue_7t)
 .glue_7t       0x00403db8        0x0 linker stubs
 *(.glue_7)
 .glue_7        0x00403db8        0x0 linker stubs
 *(.rodata .rodata* .gnu.linkonce.r.*)
 .rodata.main.str1.4
                0x00403db8      0x191 src/main.o
                                0x195 (size before relaxing)
 *fill*         0x00403f49        0x3 
 .rodata._global_impure_ptr
                0x00403f4c        0x4 c:/program files (x86)/atmel/studio/7.0/toolchain/arm/arm-gnu-toolchain/bin/../lib/gcc/arm-none-eabi/6.3.1/../../../../arm-none-eabi/lib/thumb/v7e-m\libc.a(lib_a-impure.o)
                0x00403f4c                _global_impure_ptr
 .rodata._puts_r.str1.4
                0x00403f50      0x191 c:/program files (x86)/atmel/studio/7.0/toolchain/arm/arm-gnu-toolchain/bin/../lib/gcc/arm-none-eabi/6.3.1/../../../../arm-none-eabi/lib/thumb/v7e-m\libc.a(lib_a-puts.o)
                                  0x2 (size before relaxing)
 .rodata._vfiprintf_r.str1.4
                0x00403f50       0x2f c:/program files (x86)/atmel/studio/7.0/toolchain/arm/arm-gnu-toolchain/bin/../lib/gcc/arm-none-eabi/6.3.1/../../../../arm-none-eabi/lib/thumb/v7e-m\libc.a(lib_a-vfiprintf.o)
 *fill*         0x00403f7f        0x1 
 .rodata.blanks.7217
                0x00403f80       0x10 c:/program files (x86)/atmel/studio/7.0/toolchain/arm/arm-gnu-toolchain/bin/../lib/gcc/arm-none-eabi/6.3.1/../../../../arm-none-eabi/lib/thumb/v7e-m\libc.a(lib_a-vfiprintf.o)
 .rodata.zeroes.7218
                0x00403f90       0x10 c:/program files (x86)/atmel/studio/7.0/toolchain/arm/arm-gnu-toolchain/bin/../lib/gcc/arm-none-eabi/6.3.1/../../../../arm-none-eabi/lib/thumb/v7e-m\libc.a(lib_a-vfiprintf.o)
 .rodata._setlocale_r.str1.4
                0x00403fa0        0xa c:/program files (x86)/atmel/studio/7.0/toolchain/arm/arm-gnu-toolchain/bin/../lib/gcc/arm-none-eabi/6.3.1/../../../../arm-none-eabi/lib/thumb/v7e-m\libc.a(lib_a-locale.o)
                                  0xd (size before relaxing)
 *fill*         0x00403faa        0x2 
 .rodata.str1.4
                0x00403fac        0x4 c:/program files (x86)/atmel/studio/7.0/toolchain/arm/arm-gnu-toolchain/bin/../lib/gcc/arm-none-eabi/6.3.1/../../../../arm-none-eabi/lib/thumb/v7e-m\libc.a(lib_a-locale.o)
                                  0x2 (size before relaxing)
 .rodata._ctype_
                0x00403fb0      0x101 c:/program files (x86)/atmel/studio/7.0/toolchain/arm/arm-gnu-toolchain/bin/../lib/gcc/arm-none-eabi/6.3.1/../../../../arm-none-eabi/lib/thumb/v7e-m\libc.a(lib_a-ctype_.o)
                0x00403fb0                _ctype_
 *(.ARM.extab* .gnu.linkonce.armextab.*)
                0x004040b4                . = ALIGN (0x4)
 *fill*         0x004040b1        0x3 
 *(.init)
 .init          0x004040b4        0x4 c:/program files (x86)/atmel/studio/7.0/toolchain/arm/arm-gnu-toolchain/bin/../lib/gcc/arm-none-eabi/6.3.1/thumb/v7e-m/crti.o
                0x004040b4                _init
 .init          0x004040b8        0x8 c:/program files (x86)/atmel/studio/7.0/toolchain/arm/arm-gnu-toolchain/bin/../lib/gcc/arm-none-eabi/6.3.1/thumb/v7e-m/crtn.o
                0x004040c0                . = ALIGN (0x4)
                0x004040c0                __preinit_array_start = .
 *(.preinit_array)
                0x004040c0                __preinit_array_end = .
                0x004040c0                . = ALIGN (0x4)
                0x004040c0                __init_array_start = .
 *(SORT(.init_array.*))
 .init_array.00000
                0x004040c0        0x4 c:/program files (x86)/atmel/studio/7.0/toolchain/arm/arm-gnu-toolchain/bin/../lib/gcc/arm-none-eabi/6.3.1/../../../../arm-none-eabi/lib/thumb/v7e-m\libc.a(lib_a-__call_atexit.o)
 *(.init_array)
 .init_array    0x004040c4        0x4 c:/program files (x86)/atmel/studio/7.0/toolchain/arm/arm-gnu-toolchain/bin/../lib/gcc/arm-none-eabi/6.3.1/thumb/v7e-m/crtbegin.o
                0x004040c8                __init_array_end = .
                0x004040c8                . = ALIGN (0x4)
 *crtbegin.o(.ctors)
 *(EXCLUDE_FILE(*crtend.o) .ctors)
 *(SORT(.ctors.*))
 *crtend.o(.ctors)
                0x004040c8                . = ALIGN (0x4)
 *(.fini)
 .fini          0x004040c8        0x4 c:/program files (x86)/atmel/studio/7.0/toolchain/arm/arm-gnu-toolchain/bin/../lib/gcc/arm-none-eabi/6.3.1/thumb/v7e-m/crti.o
                0x004040c8                _fini
 .fini          0x004040cc        0x8 c:/program files (x86)/atmel/studio/7.0/toolchain/arm/arm-gnu-toolchain/bin/../lib/gcc/arm-none-eabi/6.3.1/thumb/v7e-m/crtn.o
                0x004040d4                . = ALIGN (0x4)
                0x004040d4                __fini_array_start = .
 *(.fini_array)
 .fini_array    0x004040d4        0x4 c:/program files (x86)/atmel/studio/7.0/toolchain/arm/arm-gnu-toolchain/bin/../lib/gcc/arm-none-eabi/6.3.1/thumb/v7e-m/crtbegin.o
 *(SORT(.fini_array.*))
                0x004040d8                __fini_array_end = .
 *crtbegin.o(.dtors)
 *(EXCLUDE_FILE(*crtend.o) .dtors)
 *(SORT(.dtors.*))
 *crtend.o(.dtors)
                0x004040d8                . = ALIGN (0x4)
                0x004040d8                _efixed = .
                [!provide]                PROVIDE (__exidx_start, .)

.vfp11_veneer   0x004040d8        0x0
 .vfp11_veneer  0x004040d8        0x0 linker stubs

.v4_bx          0x004040d8        0x0
 .v4_bx         0x004040d8        0x0 linker stubs

.iplt           0x004040d8        0x0
 .iplt          0x004040d8        0x0 c:/program files (x86)/atmel/studio/7.0/toolchain/arm/arm-gnu-toolchain/bin/../lib/gcc/arm-none-eabi/6.3.1/thumb/v7e-m/crtbegin.o

.ARM.exidx      0x004040d8        0x8
 *(.ARM.exidx* .gnu.linkonce.armexidx.*)
 .ARM.exidx     0x004040d8        0x8 c:/program files (x86)/atmel/studio/7.0/toolchain/arm/arm-gnu-toolchain/bin/../lib/gcc/arm-none-eabi/6.3.1/thumb/v7e-m\libgcc.a(_udivmoddi4.o)
                [!provide]                PROVIDE (__exidx_end, .)

.eh_frame       0x004040e0        0x0
 .eh_frame      0x004040e0        0x0 c:/program files (x86)/atmel/studio/7.0/toolchain/arm/arm-gnu-toolchain/bin/../lib/gcc/arm-none-eabi/6.3.1/thumb/v7e-m/crtbegin.o

.rel.dyn        0x004040e0        0x0
 .rel.iplt      0x004040e0        0x0 c:/program files (x86)/atmel/studio/7.0/toolchain/arm/arm-gnu-toolchain/bin/../lib/gcc/arm-none-eabi/6.3.1/thumb/v7e-m/crtbegin.o

.jcr            0x004040e0        0x0
 .jcr           0x004040e0        0x0 c:/program files (x86)/atmel/studio/7.0/toolchain/arm/arm-gnu-toolchain/bin/../lib/gcc/arm-none-eabi/6.3.1/thumb/v7e-m/crtbegin.o

.igot.plt       0x004040e0        0x0
 .igot.plt      0x004040e0        0x0 c:/program files (x86)/atmel/studio/7.0/toolchain/arm/arm-gnu-toolchain/bin/../lib/gcc/arm-none-eabi/6.3.1/thumb/v7e-m/crtbegin.o
                0x004040e0                . = ALIGN (0x4)
                0x004040e0                _etext = .

.relocate       0x20000000      0x9b8 load address 0x004040e0
                0x20000000                . = ALIGN (0x4)
                0x20000000                _srelocate = .
 *(.ramfunc .ramfunc.*)
 *(.data .data.*)
 .data.g_interrupt_enabled
                0x20000000        0x1 src/ASF/common/utils/interrupt/interrupt_sam_nvic.o
                0x20000000                g_interrupt_enabled
 *fill*         0x20000001        0x3 
 .data.SystemCoreClock
                0x20000004        0x4 src/ASF/sam/utils/cmsis/sam4e/source/templates/system_sam4e.o
                0x20000004                SystemCoreClock
 .data._impure_ptr
                0x20000008        0x4 c:/program files (x86)/atmel/studio/7.0/toolchain/arm/arm-gnu-toolchain/bin/../lib/gcc/arm-none-eabi/6.3.1/../../../../arm-none-eabi/lib/thumb/v7e-m\libc.a(lib_a-impure.o)
                0x20000008                _impure_ptr
 *fill*         0x2000000c        0x4 
 .data.impure_data
                0x20000010      0x428 c:/program files (x86)/atmel/studio/7.0/toolchain/arm/arm-gnu-toolchain/bin/../lib/gcc/arm-none-eabi/6.3.1/../../../../arm-none-eabi/lib/thumb/v7e-m\libc.a(lib_a-impure.o)
 .data.__atexit_recursive_mutex
                0x20000438        0x4 c:/program files (x86)/atmel/studio/7.0/toolchain/arm/arm-gnu-toolchain/bin/../lib/gcc/arm-none-eabi/6.3.1/../../../../arm-none-eabi/lib/thumb/v7e-m\libc.a(lib_a-__call_atexit.o)
                0x20000438                __atexit_recursive_mutex
 .data.__global_locale
                0x2000043c      0x16c c:/program files (x86)/atmel/studio/7.0/toolchain/arm/arm-gnu-toolchain/bin/../lib/gcc/arm-none-eabi/6.3.1/../../../../arm-none-eabi/lib/thumb/v7e-m\libc.a(lib_a-locale.o)
                0x2000043c                __global_locale
 .data.__malloc_av_
                0x200005a8      0x408 c:/program files (x86)/atmel/studio/7.0/toolchain/arm/arm-gnu-toolchain/bin/../lib/gcc/arm-none-eabi/6.3.1/../../../../arm-none-eabi/lib/thumb/v7e-m\libc.a(lib_a-mallocr.o)
                0x200005a8                __malloc_av_
 .data.__malloc_sbrk_base
                0x200009b0        0x4 c:/program files (x86)/atmel/studio/7.0/toolchain/arm/arm-gnu-toolchain/bin/../lib/gcc/arm-none-eabi/6.3.1/../../../../arm-none-eabi/lib/thumb/v7e-m\libc.a(lib_a-mallocr.o)
                0x200009b0                __malloc_sbrk_base
 .data.__malloc_trim_threshold
                0x200009b4        0x4 c:/program files (x86)/atmel/studio/7.0/toolchain/arm/arm-gnu-toolchain/bin/../lib/gcc/arm-none-eabi/6.3.1/../../../../arm-none-eabi/lib/thumb/v7e-m\libc.a(lib_a-mallocr.o)
                0x200009b4                __malloc_trim_threshold
                0x200009b8                . = ALIGN (0x4)
                0x200009b8                _erelocate = .

.bss            0x200009b8      0x5f4 load address 0x00404a98
                0x200009b8                . = ALIGN (0x4)
                0x200009b8                _sbss = .
                0x200009b8                _szero = .
 *(.bss .bss.*)
 .bss           0x200009b8       0x1c c:/program files (x86)/atmel/studio/7.0/toolchain/arm/arm-gnu-toolchain/bin/../lib/gcc/arm-none-eabi/6.3.1/thumb/v7e-m/crtbegin.o
 .bss.heap.6420
                0x200009d4        0x4 src/ASF/sam/utils/syscalls/gcc/syscalls.o
 .bss.__malloc_current_mallinfo
                0x200009d8       0x28 c:/program files (x86)/atmel/studio/7.0/toolchain/arm/arm-gnu-toolchain/bin/../lib/gcc/arm-none-eabi/6.3.1/../../../../arm-none-eabi/lib/thumb/v7e-m\libc.a(lib_a-mallocr.o)
                0x200009d8                __malloc_current_mallinfo
 .bss.__malloc_max_sbrked_mem
                0x20000a00        0x4 c:/program files (x86)/atmel/studio/7.0/toolchain/arm/arm-gnu-toolchain/bin/../lib/gcc/arm-none-eabi/6.3.1/../../../../arm-none-eabi/lib/thumb/v7e-m\libc.a(lib_a-mallocr.o)
                0x20000a00                __malloc_max_sbrked_mem
 .bss.__malloc_max_total_mem
                0x20000a04        0x4 c:/program files (x86)/atmel/studio/7.0/toolchain/arm/arm-gnu-toolchain/bin/../lib/gcc/arm-none-eabi/6.3.1/../../../../arm-none-eabi/lib/thumb/v7e-m\libc.a(lib_a-mallocr.o)
                0x20000a04                __malloc_max_total_mem
 .bss.__malloc_top_pad
                0x20000a08        0x4 c:/program files (x86)/atmel/studio/7.0/toolchain/arm/arm-gnu-toolchain/bin/../lib/gcc/arm-none-eabi/6.3.1/../../../../arm-none-eabi/lib/thumb/v7e-m\libc.a(lib_a-mallocr.o)
                0x20000a08                __malloc_top_pad
 *(COMMON)
 COMMON         0x20000a0c        0x4 src/ASF/common/utils/stdio/read.o
                0x20000a0c                ptr_get
 COMMON         0x20000a10        0x8 src/ASF/common/utils/stdio/write.o
                0x20000a10                ptr_put
                0x20000a14                stdio_base
 COMMON         0x20000a18      0x56c src/main.o
                0x20000a18                packet_rx
                0x20000a2c                extension_info
                0x20000a6c                minimum_voltage
                0x20000a70                kit_data
                0x20000b70                opt
                0x20000b7c                extension_map
                0x20000b80                read_buffer
                0x20000f80                maximum_voltage
                0x20000f82                minimum_current
 COMMON         0x20000f84       0x21 c:/program files (x86)/atmel/studio/7.0/toolchain/arm/arm-gnu-toolchain/bin/../lib/gcc/arm-none-eabi/6.3.1/../../../../arm-none-eabi/lib/thumb/v7e-m\libc.a(lib_a-lock.o)
                0x20000f84                __lock___atexit_recursive_mutex
                0x20000f88                __lock___arc4random_mutex
                0x20000f8c                __lock___env_recursive_mutex
                0x20000f90                __lock___sinit_recursive_mutex
                0x20000f94                __lock___malloc_recursive_mutex
                0x20000f98                __lock___at_quick_exit_mutex
                0x20000f9c                __lock___dd_hash_mutex
                0x20000fa0                __lock___tz_mutex
                0x20000fa4                __lock___sfp_recursive_mutex
 *fill*         0x20000fa5        0x3 
 COMMON         0x20000fa8        0x4 c:/program files (x86)/atmel/studio/7.0/toolchain/arm/arm-gnu-toolchain/bin/../lib/gcc/arm-none-eabi/6.3.1/../../../../arm-none-eabi/lib/thumb/v7e-m\libc.a(lib_a-reent.o)
                0x20000fa8                errno
                0x20000fac                . = ALIGN (0x4)
                0x20000fac                _ebss = .
                0x20000fac                _ezero = .

.stack          0x20000fac     0x3004 load address 0x0040508c
                0x20000fb0                . = ALIGN (0x8)
 *fill*         0x20000fac        0x4 
                0x20000fb0                _sstack = .
                0x20003fb0                . = (. + __stack_size__)
 *fill*         0x20000fb0     0x3000 
                0x20003fb0                . = ALIGN (0x8)
                0x20003fb0                _estack = .
                0x20003fb0                . = ALIGN (0x4)
                0x20003fb0                _end = .
OUTPUT(EDBG_I2C_INFO_INTERFACE1.elf elf32-littlearm)

.ARM.attributes
                0x00000000       0x2e
 .ARM.attributes
                0x00000000       0x1e c:/program files (x86)/atmel/studio/7.0/toolchain/arm/arm-gnu-toolchain/bin/../lib/gcc/arm-none-eabi/6.3.1/thumb/v7e-m/crti.o
 .ARM.attributes
                0x0000001e       0x2e c:/program files (x86)/atmel/studio/7.0/toolchain/arm/arm-gnu-toolchain/bin/../lib/gcc/arm-none-eabi/6.3.1/thumb/v7e-m/crtbegin.o
 .ARM.attributes
                0x0000004c       0x37 src/ASF/common/services/clock/sam4e/sysclk.o
 .ARM.attributes
                0x00000083       0x37 src/ASF/common/utils/interrupt/interrupt_sam_nvic.o
 .ARM.attributes
                0x000000ba       0x37 src/ASF/common/utils/stdio/read.o
 .ARM.attributes
                0x000000f1       0x37 src/ASF/common/utils/stdio/write.o
 .ARM.attributes
                0x00000128       0x37 src/ASF/sam/boards/sam4e_xplained_pro/init.o
 .ARM.attributes
                0x0000015f       0x37 src/ASF/sam/drivers/pmc/pmc.o
 .ARM.attributes
                0x00000196       0x37 src/ASF/sam/drivers/twi/twi.o
 .ARM.attributes
                0x000001cd       0x37 src/ASF/sam/drivers/uart/uart.o
 .ARM.attributes
                0x00000204       0x37 src/ASF/sam/drivers/usart/usart.o
 .ARM.attributes
                0x0000023b       0x37 src/ASF/sam/utils/cmsis/sam4e/source/templates/exceptions.o
 .ARM.attributes
                0x00000272       0x37 src/ASF/sam/utils/cmsis/sam4e/source/templates/gcc/startup_sam4e.o
 .ARM.attributes
                0x000002a9       0x37 src/ASF/sam/utils/cmsis/sam4e/source/templates/system_sam4e.o
 .ARM.attributes
                0x000002e0       0x37 src/ASF/sam/utils/syscalls/gcc/syscalls.o
 .ARM.attributes
                0x00000317       0x37 src/main.o
 .ARM.attributes
                0x0000034e       0x2e c:/program files (x86)/atmel/studio/7.0/toolchain/arm/arm-gnu-toolchain/bin/../lib/gcc/arm-none-eabi/6.3.1/../../../../arm-none-eabi/lib/thumb/v7e-m\libc.a(lib_a-impure.o)
 .ARM.attributes
                0x0000037c       0x2e c:/program files (x86)/atmel/studio/7.0/toolchain/arm/arm-gnu-toolchain/bin/../lib/gcc/arm-none-eabi/6.3.1/../../../../arm-none-eabi/lib/thumb/v7e-m\libc.a(lib_a-init.o)
 .ARM.attributes
                0x000003aa       0x2e c:/program files (x86)/atmel/studio/7.0/toolchain/arm/arm-gnu-toolchain/bin/../lib/gcc/arm-none-eabi/6.3.1/../../../../arm-none-eabi/lib/thumb/v7e-m\libc.a(lib_a-iprintf.o)
 .ARM.attributes
                0x000003d8       0x2e c:/program files (x86)/atmel/studio/7.0/toolchain/arm/arm-gnu-toolchain/bin/../lib/gcc/arm-none-eabi/6.3.1/../../../../arm-none-eabi/lib/thumb/v7e-m\libc.a(lib_a-memset.o)
 .ARM.attributes
                0x00000406       0x2e c:/program files (x86)/atmel/studio/7.0/toolchain/arm/arm-gnu-toolchain/bin/../lib/gcc/arm-none-eabi/6.3.1/../../../../arm-none-eabi/lib/thumb/v7e-m\libc.a(lib_a-puts.o)
 .ARM.attributes
                0x00000434       0x2e c:/program files (x86)/atmel/studio/7.0/toolchain/arm/arm-gnu-toolchain/bin/../lib/gcc/arm-none-eabi/6.3.1/../../../../arm-none-eabi/lib/thumb/v7e-m\libc.a(lib_a-setbuf.o)
 .ARM.attributes
                0x00000462       0x2e c:/program files (x86)/atmel/studio/7.0/toolchain/arm/arm-gnu-toolchain/bin/../lib/gcc/arm-none-eabi/6.3.1/../../../../arm-none-eabi/lib/thumb/v7e-m\libc.a(lib_a-setvbuf.o)
 .ARM.attributes
                0x00000490       0x1c c:/program files (x86)/atmel/studio/7.0/toolchain/arm/arm-gnu-toolchain/bin/../lib/gcc/arm-none-eabi/6.3.1/../../../../arm-none-eabi/lib/thumb/v7e-m\libc.a(lib_a-strlen.o)
 .ARM.attributes
                0x000004ac       0x2e c:/program files (x86)/atmel/studio/7.0/toolchain/arm/arm-gnu-toolchain/bin/../lib/gcc/arm-none-eabi/6.3.1/../../../../arm-none-eabi/lib/thumb/v7e-m\libc.a(lib_a-vfiprintf.o)
 .ARM.attributes
                0x000004da       0x2e c:/program files (x86)/atmel/studio/7.0/toolchain/arm/arm-gnu-toolchain/bin/../lib/gcc/arm-none-eabi/6.3.1/../../../../arm-none-eabi/lib/thumb/v7e-m\libc.a(lib_a-wsetup.o)
 .ARM.attributes
                0x00000508       0x2e c:/program files (x86)/atmel/studio/7.0/toolchain/arm/arm-gnu-toolchain/bin/../lib/gcc/arm-none-eabi/6.3.1/../../../../arm-none-eabi/lib/thumb/v7e-m\libc.a(lib_a-__call_atexit.o)
 .ARM.attributes
                0x00000536       0x2e c:/program files (x86)/atmel/studio/7.0/toolchain/arm/arm-gnu-toolchain/bin/../lib/gcc/arm-none-eabi/6.3.1/../../../../arm-none-eabi/lib/thumb/v7e-m\libc.a(lib_a-atexit.o)
 .ARM.attributes
                0x00000564       0x2e c:/program files (x86)/atmel/studio/7.0/toolchain/arm/arm-gnu-toolchain/bin/../lib/gcc/arm-none-eabi/6.3.1/../../../../arm-none-eabi/lib/thumb/v7e-m\libc.a(lib_a-fflush.o)
 .ARM.attributes
                0x00000592       0x2e c:/program files (x86)/atmel/studio/7.0/toolchain/arm/arm-gnu-toolchain/bin/../lib/gcc/arm-none-eabi/6.3.1/../../../../arm-none-eabi/lib/thumb/v7e-m\libc.a(lib_a-findfp.o)
 .ARM.attributes
                0x000005c0       0x2e c:/program files (x86)/atmel/studio/7.0/toolchain/arm/arm-gnu-toolchain/bin/../lib/gcc/arm-none-eabi/6.3.1/../../../../arm-none-eabi/lib/thumb/v7e-m\libc.a(lib_a-fini.o)
 .ARM.attributes
                0x000005ee       0x2e c:/program files (x86)/atmel/studio/7.0/toolchain/arm/arm-gnu-toolchain/bin/../lib/gcc/arm-none-eabi/6.3.1/../../../../arm-none-eabi/lib/thumb/v7e-m\libc.a(lib_a-fputwc.o)
 .ARM.attributes
                0x0000061c       0x2e c:/program files (x86)/atmel/studio/7.0/toolchain/arm/arm-gnu-toolchain/bin/../lib/gcc/arm-none-eabi/6.3.1/../../../../arm-none-eabi/lib/thumb/v7e-m\libc.a(lib_a-freer.o)
 .ARM.attributes
                0x0000064a       0x2e c:/program files (x86)/atmel/studio/7.0/toolchain/arm/arm-gnu-toolchain/bin/../lib/gcc/arm-none-eabi/6.3.1/../../../../arm-none-eabi/lib/thumb/v7e-m\libc.a(lib_a-fvwrite.o)
 .ARM.attributes
                0x00000678       0x2e c:/program files (x86)/atmel/studio/7.0/toolchain/arm/arm-gnu-toolchain/bin/../lib/gcc/arm-none-eabi/6.3.1/../../../../arm-none-eabi/lib/thumb/v7e-m\libc.a(lib_a-fwalk.o)
 .ARM.attributes
                0x000006a6       0x2e c:/program files (x86)/atmel/studio/7.0/toolchain/arm/arm-gnu-toolchain/bin/../lib/gcc/arm-none-eabi/6.3.1/../../../../arm-none-eabi/lib/thumb/v7e-m\libc.a(lib_a-locale.o)
 .ARM.attributes
                0x000006d4       0x2e c:/program files (x86)/atmel/studio/7.0/toolchain/arm/arm-gnu-toolchain/bin/../lib/gcc/arm-none-eabi/6.3.1/../../../../arm-none-eabi/lib/thumb/v7e-m\libc.a(lib_a-lock.o)
 .ARM.attributes
                0x00000702       0x2e c:/program files (x86)/atmel/studio/7.0/toolchain/arm/arm-gnu-toolchain/bin/../lib/gcc/arm-none-eabi/6.3.1/../../../../arm-none-eabi/lib/thumb/v7e-m\libc.a(lib_a-makebuf.o)
 .ARM.attributes
                0x00000730       0x2e c:/program files (x86)/atmel/studio/7.0/toolchain/arm/arm-gnu-toolchain/bin/../lib/gcc/arm-none-eabi/6.3.1/../../../../arm-none-eabi/lib/thumb/v7e-m\libc.a(lib_a-malloc.o)
 .ARM.attributes
                0x0000075e       0x2e c:/program files (x86)/atmel/studio/7.0/toolchain/arm/arm-gnu-toolchain/bin/../lib/gcc/arm-none-eabi/6.3.1/../../../../arm-none-eabi/lib/thumb/v7e-m\libc.a(lib_a-mallocr.o)
 .ARM.attributes
                0x0000078c       0x2e c:/program files (x86)/atmel/studio/7.0/toolchain/arm/arm-gnu-toolchain/bin/../lib/gcc/arm-none-eabi/6.3.1/../../../../arm-none-eabi/lib/thumb/v7e-m\libc.a(lib_a-mbtowc_r.o)
 .ARM.attributes
                0x000007ba       0x1c c:/program files (x86)/atmel/studio/7.0/toolchain/arm/arm-gnu-toolchain/bin/../lib/gcc/arm-none-eabi/6.3.1/../../../../arm-none-eabi/lib/thumb/v7e-m\libc.a(lib_a-memchr.o)
 .ARM.attributes
                0x000007d6       0x1c c:/program files (x86)/atmel/studio/7.0/toolchain/arm/arm-gnu-toolchain/bin/../lib/gcc/arm-none-eabi/6.3.1/../../../../arm-none-eabi/lib/thumb/v7e-m\libc.a(lib_a-memcpy.o)
 .ARM.attributes
                0x000007f2       0x2e c:/program files (x86)/atmel/studio/7.0/toolchain/arm/arm-gnu-toolchain/bin/../lib/gcc/arm-none-eabi/6.3.1/../../../../arm-none-eabi/lib/thumb/v7e-m\libc.a(lib_a-memmove.o)
 .ARM.attributes
                0x00000820       0x2e c:/program files (x86)/atmel/studio/7.0/toolchain/arm/arm-gnu-toolchain/bin/../lib/gcc/arm-none-eabi/6.3.1/../../../../arm-none-eabi/lib/thumb/v7e-m\libc.a(lib_a-mlock.o)
 .ARM.attributes
                0x0000084e       0x2e c:/program files (x86)/atmel/studio/7.0/toolchain/arm/arm-gnu-toolchain/bin/../lib/gcc/arm-none-eabi/6.3.1/../../../../arm-none-eabi/lib/thumb/v7e-m\libc.a(lib_a-reallocr.o)
 .ARM.attributes
                0x0000087c       0x2e c:/program files (x86)/atmel/studio/7.0/toolchain/arm/arm-gnu-toolchain/bin/../lib/gcc/arm-none-eabi/6.3.1/../../../../arm-none-eabi/lib/thumb/v7e-m\libc.a(lib_a-sbrkr.o)
 .ARM.attributes
                0x000008aa       0x2e c:/program files (x86)/atmel/studio/7.0/toolchain/arm/arm-gnu-toolchain/bin/../lib/gcc/arm-none-eabi/6.3.1/../../../../arm-none-eabi/lib/thumb/v7e-m\libc.a(lib_a-stdio.o)
 .ARM.attributes
                0x000008d8       0x2e c:/program files (x86)/atmel/studio/7.0/toolchain/arm/arm-gnu-toolchain/bin/../lib/gcc/arm-none-eabi/6.3.1/../../../../arm-none-eabi/lib/thumb/v7e-m\libc.a(lib_a-wbuf.o)
 .ARM.attributes
                0x00000906       0x2e c:/program files (x86)/atmel/studio/7.0/toolchain/arm/arm-gnu-toolchain/bin/../lib/gcc/arm-none-eabi/6.3.1/../../../../arm-none-eabi/lib/thumb/v7e-m\libc.a(lib_a-wcrtomb.o)
 .ARM.attributes
                0x00000934       0x2e c:/program files (x86)/atmel/studio/7.0/toolchain/arm/arm-gnu-toolchain/bin/../lib/gcc/arm-none-eabi/6.3.1/../../../../arm-none-eabi/lib/thumb/v7e-m\libc.a(lib_a-wctomb_r.o)
 .ARM.attributes
                0x00000962       0x2e c:/program files (x86)/atmel/studio/7.0/toolchain/arm/arm-gnu-toolchain/bin/../lib/gcc/arm-none-eabi/6.3.1/../../../../arm-none-eabi/lib/thumb/v7e-m\libc.a(lib_a-writer.o)
 .ARM.attributes
                0x00000990       0x2e c:/program files (x86)/atmel/studio/7.0/toolchain/arm/arm-gnu-toolchain/bin/../lib/gcc/arm-none-eabi/6.3.1/../../../../arm-none-eabi/lib/thumb/v7e-m\libc.a(lib_a-__atexit.o)
 .ARM.attributes
                0x000009be       0x2e c:/program files (x86)/atmel/studio/7.0/toolchain/arm/arm-gnu-toolchain/bin/../lib/gcc/arm-none-eabi/6.3.1/../../../../arm-none-eabi/lib/thumb/v7e-m\libc.a(lib_a-closer.o)
 .ARM.attributes
                0x000009ec       0x2e c:/program files (x86)/atmel/studio/7.0/toolchain/arm/arm-gnu-toolchain/bin/../lib/gcc/arm-none-eabi/6.3.1/../../../../arm-none-eabi/lib/thumb/v7e-m\libc.a(lib_a-ctype_.o)
 .ARM.attributes
                0x00000a1a       0x2e c:/program files (x86)/atmel/studio/7.0/toolchain/arm/arm-gnu-toolchain/bin/../lib/gcc/arm-none-eabi/6.3.1/../../../../arm-none-eabi/lib/thumb/v7e-m\libc.a(lib_a-fclose.o)
 .ARM.attributes
                0x00000a48       0x2e c:/program files (x86)/atmel/studio/7.0/toolchain/arm/arm-gnu-toolchain/bin/../lib/gcc/arm-none-eabi/6.3.1/../../../../arm-none-eabi/lib/thumb/v7e-m\libc.a(lib_a-fstatr.o)
 .ARM.attributes
                0x00000a76       0x2e c:/program files (x86)/atmel/studio/7.0/toolchain/arm/arm-gnu-toolchain/bin/../lib/gcc/arm-none-eabi/6.3.1/../../../../arm-none-eabi/lib/thumb/v7e-m\libc.a(lib_a-isattyr.o)
 .ARM.attributes
                0x00000aa4       0x2e c:/program files (x86)/atmel/studio/7.0/toolchain/arm/arm-gnu-toolchain/bin/../lib/gcc/arm-none-eabi/6.3.1/../../../../arm-none-eabi/lib/thumb/v7e-m\libc.a(lib_a-lseekr.o)
 .ARM.attributes
                0x00000ad2       0x2e c:/program files (x86)/atmel/studio/7.0/toolchain/arm/arm-gnu-toolchain/bin/../lib/gcc/arm-none-eabi/6.3.1/../../../../arm-none-eabi/lib/thumb/v7e-m\libc.a(lib_a-readr.o)
 .ARM.attributes
                0x00000b00       0x2e c:/program files (x86)/atmel/studio/7.0/toolchain/arm/arm-gnu-toolchain/bin/../lib/gcc/arm-none-eabi/6.3.1/../../../../arm-none-eabi/lib/thumb/v7e-m\libc.a(lib_a-reent.o)
 .ARM.attributes
                0x00000b2e       0x1e c:/program files (x86)/atmel/studio/7.0/toolchain/arm/arm-gnu-toolchain/bin/../lib/gcc/arm-none-eabi/6.3.1/thumb/v7e-m\libgcc.a(_aeabi_uldivmod.o)
 .ARM.attributes
                0x00000b4c       0x2e c:/program files (x86)/atmel/studio/7.0/toolchain/arm/arm-gnu-toolchain/bin/../lib/gcc/arm-none-eabi/6.3.1/thumb/v7e-m\libgcc.a(_udivmoddi4.o)
 .ARM.attributes
                0x00000b7a       0x1e c:/program files (x86)/atmel/studio/7.0/toolchain/arm/arm-gnu-toolchain/bin/../lib/gcc/arm-none-eabi/6.3.1/thumb/v7e-m\libgcc.a(_dvmd_tls.o)
 .ARM.attributes
                0x00000b98       0x1e c:/program files (x86)/atmel/studio/7.0/toolchain/arm/arm-gnu-toolchain/bin/../lib/gcc/arm-none-eabi/6.3.1/thumb/v7e-m/crtn.o

.comment        0x00000000       0x59
 .comment       0x00000000       0x59 src/ASF/common/services/clock/sam4e/sysclk.o
                                 0x5a (size before relaxing)
 .comment       0x00000059       0x5a src/ASF/common/utils/interrupt/interrupt_sam_nvic.o
 .comment       0x00000059       0x5a src/ASF/common/utils/stdio/read.o
 .comment       0x00000059       0x5a src/ASF/common/utils/stdio/write.o
 .comment       0x00000059       0x5a src/ASF/sam/boards/sam4e_xplained_pro/init.o
 .comment       0x00000059       0x5a src/ASF/sam/drivers/pmc/pmc.o
 .comment       0x00000059       0x5a src/ASF/sam/drivers/twi/twi.o
 .comment       0x00000059       0x5a src/ASF/sam/drivers/uart/uart.o
 .comment       0x00000059       0x5a src/ASF/sam/drivers/usart/usart.o
 .comment       0x00000059       0x5a src/ASF/sam/utils/cmsis/sam4e/source/templates/exceptions.o
 .comment       0x00000059       0x5a src/ASF/sam/utils/cmsis/sam4e/source/templates/gcc/startup_sam4e.o
 .comment       0x00000059       0x5a src/ASF/sam/utils/cmsis/sam4e/source/templates/system_sam4e.o
 .comment       0x00000059       0x5a src/ASF/sam/utils/syscalls/gcc/syscalls.o
 .comment       0x00000059       0x5a src/main.o

.debug_info     0x00000000     0xea44
 .debug_info    0x00000000     0x1124 src/ASF/common/services/clock/sam4e/sysclk.o
 .debug_info    0x00001124      0xaff src/ASF/common/utils/interrupt/interrupt_sam_nvic.o
 .debug_info    0x00001c23      0xac9 src/ASF/common/utils/stdio/read.o
 .debug_info    0x000026ec      0xac6 src/ASF/common/utils/stdio/write.o
 .debug_info    0x000031b2     0x18c1 src/ASF/sam/boards/sam4e_xplained_pro/init.o
 .debug_info    0x00004a73     0x18b1 src/ASF/sam/drivers/pmc/pmc.o
 .debug_info    0x00006324     0x14e5 src/ASF/sam/drivers/twi/twi.o
 .debug_info    0x00007809     0x11ae src/ASF/sam/drivers/uart/uart.o
 .debug_info    0x000089b7     0x2039 src/ASF/sam/drivers/usart/usart.o
 .debug_info    0x0000a9f0       0xdc src/ASF/sam/utils/cmsis/sam4e/source/templates/exceptions.o
 .debug_info    0x0000aacc     0x1240 src/ASF/sam/utils/cmsis/sam4e/source/templates/gcc/startup_sam4e.o
 .debug_info    0x0000bd0c      0x495 src/ASF/sam/utils/cmsis/sam4e/source/templates/system_sam4e.o
 .debug_info    0x0000c1a1      0xdb0 src/ASF/sam/utils/syscalls/gcc/syscalls.o
 .debug_info    0x0000cf51     0x1af3 src/main.o

.debug_abbrev   0x00000000     0x23e3
 .debug_abbrev  0x00000000      0x311 src/ASF/common/services/clock/sam4e/sysclk.o
 .debug_abbrev  0x00000311      0x221 src/ASF/common/utils/interrupt/interrupt_sam_nvic.o
 .debug_abbrev  0x00000532      0x1fe src/ASF/common/utils/stdio/read.o
 .debug_abbrev  0x00000730      0x1e9 src/ASF/common/utils/stdio/write.o
 .debug_abbrev  0x00000919      0x2e4 src/ASF/sam/boards/sam4e_xplained_pro/init.o
 .debug_abbrev  0x00000bfd      0x315 src/ASF/sam/drivers/pmc/pmc.o
 .debug_abbrev  0x00000f12      0x39c src/ASF/sam/drivers/twi/twi.o
 .debug_abbrev  0x000012ae      0x288 src/ASF/sam/drivers/uart/uart.o
 .debug_abbrev  0x00001536      0x406 src/ASF/sam/drivers/usart/usart.o
 .debug_abbrev  0x0000193c       0x7d src/ASF/sam/utils/cmsis/sam4e/source/templates/exceptions.o
 .debug_abbrev  0x000019b9      0x2bd src/ASF/sam/utils/cmsis/sam4e/source/templates/gcc/startup_sam4e.o
 .debug_abbrev  0x00001c76      0x102 src/ASF/sam/utils/cmsis/sam4e/source/templates/system_sam4e.o
 .debug_abbrev  0x00001d78      0x264 src/ASF/sam/utils/syscalls/gcc/syscalls.o
 .debug_abbrev  0x00001fdc      0x407 src/main.o

.debug_loc      0x00000000     0x2fc4
 .debug_loc     0x00000000      0x12a src/ASF/common/services/clock/sam4e/sysclk.o
 .debug_loc     0x0000012a       0xb3 src/ASF/common/utils/stdio/read.o
 .debug_loc     0x000001dd      0x12b src/ASF/common/utils/stdio/write.o
 .debug_loc     0x00000308      0x207 src/ASF/sam/boards/sam4e_xplained_pro/init.o
 .debug_loc     0x0000050f      0x9c6 src/ASF/sam/drivers/pmc/pmc.o
 .debug_loc     0x00000ed5      0xa42 src/ASF/sam/drivers/twi/twi.o
 .debug_loc     0x00001917      0x241 src/ASF/sam/drivers/uart/uart.o
 .debug_loc     0x00001b58      0xe59 src/ASF/sam/drivers/usart/usart.o
 .debug_loc     0x000029b1       0x77 src/ASF/sam/utils/cmsis/sam4e/source/templates/gcc/startup_sam4e.o
 .debug_loc     0x00002a28       0xfd src/ASF/sam/utils/syscalls/gcc/syscalls.o
 .debug_loc     0x00002b25      0x49f src/main.o

.debug_aranges  0x00000000      0x760
 .debug_aranges
                0x00000000       0x30 src/ASF/common/services/clock/sam4e/sysclk.o
 .debug_aranges
                0x00000030       0x28 src/ASF/common/utils/interrupt/interrupt_sam_nvic.o
 .debug_aranges
                0x00000058       0x20 src/ASF/common/utils/stdio/read.o
 .debug_aranges
                0x00000078       0x20 src/ASF/common/utils/stdio/write.o
 .debug_aranges
                0x00000098       0x20 src/ASF/sam/boards/sam4e_xplained_pro/init.o
 .debug_aranges
                0x000000b8      0x1d8 src/ASF/sam/drivers/pmc/pmc.o
 .debug_aranges
                0x00000290       0xd8 src/ASF/sam/drivers/twi/twi.o
 .debug_aranges
                0x00000368       0xe8 src/ASF/sam/drivers/uart/uart.o
 .debug_aranges
                0x00000450      0x210 src/ASF/sam/drivers/usart/usart.o
 .debug_aranges
                0x00000660       0x20 src/ASF/sam/utils/cmsis/sam4e/source/templates/exceptions.o
 .debug_aranges
                0x00000680       0x20 src/ASF/sam/utils/cmsis/sam4e/source/templates/gcc/startup_sam4e.o
 .debug_aranges
                0x000006a0       0x30 src/ASF/sam/utils/cmsis/sam4e/source/templates/system_sam4e.o
 .debug_aranges
                0x000006d0       0x60 src/ASF/sam/utils/syscalls/gcc/syscalls.o
 .debug_aranges
                0x00000730       0x30 src/main.o

.debug_ranges   0x00000000      0x698
 .debug_ranges  0x00000000       0x20 src/ASF/common/services/clock/sam4e/sysclk.o
 .debug_ranges  0x00000020       0x18 src/ASF/common/utils/interrupt/interrupt_sam_nvic.o
 .debug_ranges  0x00000038       0x10 src/ASF/common/utils/stdio/read.o
 .debug_ranges  0x00000048       0x10 src/ASF/common/utils/stdio/write.o
 .debug_ranges  0x00000058       0x10 src/ASF/sam/boards/sam4e_xplained_pro/init.o
 .debug_ranges  0x00000068      0x1c8 src/ASF/sam/drivers/pmc/pmc.o
 .debug_ranges  0x00000230       0xc8 src/ASF/sam/drivers/twi/twi.o
 .debug_ranges  0x000002f8       0xd8 src/ASF/sam/drivers/uart/uart.o
 .debug_ranges  0x000003d0      0x200 src/ASF/sam/drivers/usart/usart.o
 .debug_ranges  0x000005d0       0x10 src/ASF/sam/utils/cmsis/sam4e/source/templates/exceptions.o
 .debug_ranges  0x000005e0       0x10 src/ASF/sam/utils/cmsis/sam4e/source/templates/gcc/startup_sam4e.o
 .debug_ranges  0x000005f0       0x20 src/ASF/sam/utils/cmsis/sam4e/source/templates/system_sam4e.o
 .debug_ranges  0x00000610       0x50 src/ASF/sam/utils/syscalls/gcc/syscalls.o
 .debug_ranges  0x00000660       0x38 src/main.o

.debug_macro    0x00000000    0x16f14
 .debug_macro   0x00000000      0x624 src/ASF/common/services/clock/sam4e/sysclk.o
 .debug_macro   0x00000624      0x8ce src/ASF/common/services/clock/sam4e/sysclk.o
 .debug_macro   0x00000ef2      0x708 src/ASF/common/services/clock/sam4e/sysclk.o
 .debug_macro   0x000015fa       0x28 src/ASF/common/services/clock/sam4e/sysclk.o
 .debug_macro   0x00001622      0x16d src/ASF/common/services/clock/sam4e/sysclk.o
 .debug_macro   0x0000178f       0x76 src/ASF/common/services/clock/sam4e/sysclk.o
 .debug_macro   0x00001805       0x16 src/ASF/common/services/clock/sam4e/sysclk.o
 .debug_macro   0x0000181b      0x6da src/ASF/common/services/clock/sam4e/sysclk.o
 .debug_macro   0x00001ef5       0x22 src/ASF/common/services/clock/sam4e/sysclk.o
 .debug_macro   0x00001f17       0x87 src/ASF/common/services/clock/sam4e/sysclk.o
 .debug_macro   0x00001f9e       0x51 src/ASF/common/services/clock/sam4e/sysclk.o
 .debug_macro   0x00001fef       0xef src/ASF/common/services/clock/sam4e/sysclk.o
 .debug_macro   0x000020de       0x6a src/ASF/common/services/clock/sam4e/sysclk.o
 .debug_macro   0x00002148      0x1df src/ASF/common/services/clock/sam4e/sysclk.o
 .debug_macro   0x00002327       0x27 src/ASF/common/services/clock/sam4e/sysclk.o
 .debug_macro   0x0000234e       0x1c src/ASF/common/services/clock/sam4e/sysclk.o
 .debug_macro   0x0000236a       0x22 src/ASF/common/services/clock/sam4e/sysclk.o
 .debug_macro   0x0000238c       0xdf src/ASF/common/services/clock/sam4e/sysclk.o
 .debug_macro   0x0000246b     0x102d src/ASF/common/services/clock/sam4e/sysclk.o
 .debug_macro   0x00003498      0x11f src/ASF/common/services/clock/sam4e/sysclk.o
 .debug_macro   0x000035b7      0x154 src/ASF/common/services/clock/sam4e/sysclk.o
 .debug_macro   0x0000370b      0x18f src/ASF/common/services/clock/sam4e/sysclk.o
 .debug_macro   0x0000389a      0xbec src/ASF/common/services/clock/sam4e/sysclk.o
 .debug_macro   0x00004486      0x535 src/ASF/common/services/clock/sam4e/sysclk.o
 .debug_macro   0x000049bb      0x196 src/ASF/common/services/clock/sam4e/sysclk.o
 .debug_macro   0x00004b51      0x11e src/ASF/common/services/clock/sam4e/sysclk.o
 .debug_macro   0x00004c6f      0x428 src/ASF/common/services/clock/sam4e/sysclk.o
 .debug_macro   0x00005097      0x541 src/ASF/common/services/clock/sam4e/sysclk.o
 .debug_macro   0x000055d8      0x106 src/ASF/common/services/clock/sam4e/sysclk.o
 .debug_macro   0x000056de      0xa74 src/ASF/common/services/clock/sam4e/sysclk.o
 .debug_macro   0x00006152       0x1c src/ASF/common/services/clock/sam4e/sysclk.o
 .debug_macro   0x0000616e      0x735 src/ASF/common/services/clock/sam4e/sysclk.o
 .debug_macro   0x000068a3      0x44d src/ASF/common/services/clock/sam4e/sysclk.o
 .debug_macro   0x00006cf0       0xbe src/ASF/common/services/clock/sam4e/sysclk.o
 .debug_macro   0x00006dae     0x28b1 src/ASF/common/services/clock/sam4e/sysclk.o
 .debug_macro   0x0000965f      0x834 src/ASF/common/services/clock/sam4e/sysclk.o
 .debug_macro   0x00009e93      0xb28 src/ASF/common/services/clock/sam4e/sysclk.o
 .debug_macro   0x0000a9bb       0x9a src/ASF/common/services/clock/sam4e/sysclk.o
 .debug_macro   0x0000aa55       0x76 src/ASF/common/services/clock/sam4e/sysclk.o
 .debug_macro   0x0000aacb      0x3cf src/ASF/common/services/clock/sam4e/sysclk.o
 .debug_macro   0x0000ae9a       0x64 src/ASF/common/services/clock/sam4e/sysclk.o
 .debug_macro   0x0000aefe      0x1a6 src/ASF/common/services/clock/sam4e/sysclk.o
 .debug_macro   0x0000b0a4      0x37c src/ASF/common/services/clock/sam4e/sysclk.o
 .debug_macro   0x0000b420      0x6fd src/ASF/common/services/clock/sam4e/sysclk.o
 .debug_macro   0x0000bb1d      0x6f4 src/ASF/common/services/clock/sam4e/sysclk.o
 .debug_macro   0x0000c211      0x377 src/ASF/common/services/clock/sam4e/sysclk.o
 .debug_macro   0x0000c588      0x2a1 src/ASF/common/services/clock/sam4e/sysclk.o
 .debug_macro   0x0000c829      0x2cd src/ASF/common/services/clock/sam4e/sysclk.o
 .debug_macro   0x0000caf6      0x6b2 src/ASF/common/services/clock/sam4e/sysclk.o
 .debug_macro   0x0000d1a8       0x76 src/ASF/common/services/clock/sam4e/sysclk.o
 .debug_macro   0x0000d21e      0x2e9 src/ASF/common/services/clock/sam4e/sysclk.o
 .debug_macro   0x0000d507       0x46 src/ASF/common/services/clock/sam4e/sysclk.o
 .debug_macro   0x0000d54d      0x21b src/ASF/common/services/clock/sam4e/sysclk.o
 .debug_macro   0x0000d768      0x21b src/ASF/common/services/clock/sam4e/sysclk.o
 .debug_macro   0x0000d983      0x287 src/ASF/common/services/clock/sam4e/sysclk.o
 .debug_macro   0x0000dc0a       0x88 src/ASF/common/services/clock/sam4e/sysclk.o
 .debug_macro   0x0000dc92       0x82 src/ASF/common/services/clock/sam4e/sysclk.o
 .debug_macro   0x0000dd14       0xb8 src/ASF/common/services/clock/sam4e/sysclk.o
 .debug_macro   0x0000ddcc       0x52 src/ASF/common/services/clock/sam4e/sysclk.o
 .debug_macro   0x0000de1e       0x88 src/ASF/common/services/clock/sam4e/sysclk.o
 .debug_macro   0x0000dea6      0x1bb src/ASF/common/services/clock/sam4e/sysclk.o
 .debug_macro   0x0000e061      0x1bb src/ASF/common/services/clock/sam4e/sysclk.o
 .debug_macro   0x0000e21c      0x12b src/ASF/common/services/clock/sam4e/sysclk.o
 .debug_macro   0x0000e347       0xac src/ASF/common/services/clock/sam4e/sysclk.o
 .debug_macro   0x0000e3f3       0xac src/ASF/common/services/clock/sam4e/sysclk.o
 .debug_macro   0x0000e49f       0x94 src/ASF/common/services/clock/sam4e/sysclk.o
 .debug_macro   0x0000e533       0x94 src/ASF/common/services/clock/sam4e/sysclk.o
 .debug_macro   0x0000e5c7       0xdc src/ASF/common/services/clock/sam4e/sysclk.o
 .debug_macro   0x0000e6a3       0xdc src/ASF/common/services/clock/sam4e/sysclk.o
 .debug_macro   0x0000e77f       0x7c src/ASF/common/services/clock/sam4e/sysclk.o
 .debug_macro   0x0000e7fb       0x40 src/ASF/common/services/clock/sam4e/sysclk.o
 .debug_macro   0x0000e83b       0xee src/ASF/common/services/clock/sam4e/sysclk.o
 .debug_macro   0x0000e929       0x46 src/ASF/common/services/clock/sam4e/sysclk.o
 .debug_macro   0x0000e96f       0x58 src/ASF/common/services/clock/sam4e/sysclk.o
 .debug_macro   0x0000e9c7       0xa6 src/ASF/common/services/clock/sam4e/sysclk.o
 .debug_macro   0x0000ea6d       0x82 src/ASF/common/services/clock/sam4e/sysclk.o
 .debug_macro   0x0000eaef       0x16 src/ASF/common/services/clock/sam4e/sysclk.o
 .debug_macro   0x0000eb05       0x22 src/ASF/common/services/clock/sam4e/sysclk.o
 .debug_macro   0x0000eb27      0x193 src/ASF/common/services/clock/sam4e/sysclk.o
 .debug_macro   0x0000ecba      0x163 src/ASF/common/services/clock/sam4e/sysclk.o
 .debug_macro   0x0000ee1d      0x163 src/ASF/common/services/clock/sam4e/sysclk.o
 .debug_macro   0x0000ef80      0x163 src/ASF/common/services/clock/sam4e/sysclk.o
 .debug_macro   0x0000f0e3      0x163 src/ASF/common/services/clock/sam4e/sysclk.o
 .debug_macro   0x0000f246       0x1c src/ASF/common/services/clock/sam4e/sysclk.o
 .debug_macro   0x0000f262       0x2e src/ASF/common/services/clock/sam4e/sysclk.o
 .debug_macro   0x0000f290       0x22 src/ASF/common/services/clock/sam4e/sysclk.o
 .debug_macro   0x0000f2b2       0x1c src/ASF/common/services/clock/sam4e/sysclk.o
 .debug_macro   0x0000f2ce       0x52 src/ASF/common/services/clock/sam4e/sysclk.o
 .debug_macro   0x0000f320       0x10 src/ASF/common/services/clock/sam4e/sysclk.o
 .debug_macro   0x0000f330       0x1c src/ASF/common/services/clock/sam4e/sysclk.o
 .debug_macro   0x0000f34c      0x2b2 src/ASF/common/services/clock/sam4e/sysclk.o
 .debug_macro   0x0000f5fe      0xc83 src/ASF/common/services/clock/sam4e/sysclk.o
 .debug_macro   0x00010281      0x10e src/ASF/common/services/clock/sam4e/sysclk.o
 .debug_macro   0x0001038f       0x58 src/ASF/common/services/clock/sam4e/sysclk.o
 .debug_macro   0x000103e7       0x35 src/ASF/common/services/clock/sam4e/sysclk.o
 .debug_macro   0x0001041c       0x9c src/ASF/common/services/clock/sam4e/sysclk.o
 .debug_macro   0x000104b8       0x16 src/ASF/common/services/clock/sam4e/sysclk.o
 .debug_macro   0x000104ce       0x35 src/ASF/common/services/clock/sam4e/sysclk.o
 .debug_macro   0x00010503      0x34d src/ASF/common/services/clock/sam4e/sysclk.o
 .debug_macro   0x00010850       0x10 src/ASF/common/services/clock/sam4e/sysclk.o
 .debug_macro   0x00010860       0x58 src/ASF/common/services/clock/sam4e/sysclk.o
 .debug_macro   0x000108b8       0x1f src/ASF/common/services/clock/sam4e/sysclk.o
 .debug_macro   0x000108d7       0x43 src/ASF/common/services/clock/sam4e/sysclk.o
 .debug_macro   0x0001091a       0x20 src/ASF/common/services/clock/sam4e/sysclk.o
 .debug_macro   0x0001093a      0x187 src/ASF/common/services/clock/sam4e/sysclk.o
 .debug_macro   0x00010ac1       0x10 src/ASF/common/services/clock/sam4e/sysclk.o
 .debug_macro   0x00010ad1       0x1c src/ASF/common/services/clock/sam4e/sysclk.o
 .debug_macro   0x00010aed       0x52 src/ASF/common/services/clock/sam4e/sysclk.o
 .debug_macro   0x00010b3f       0x40 src/ASF/common/services/clock/sam4e/sysclk.o
 .debug_macro   0x00010b7f       0x10 src/ASF/common/services/clock/sam4e/sysclk.o
 .debug_macro   0x00010b8f       0x40 src/ASF/common/services/clock/sam4e/sysclk.o
 .debug_macro   0x00010bcf       0xd7 src/ASF/common/services/clock/sam4e/sysclk.o
 .debug_macro   0x00010ca6       0x16 src/ASF/common/services/clock/sam4e/sysclk.o
 .debug_macro   0x00010cbc      0x18b src/ASF/common/services/clock/sam4e/sysclk.o
 .debug_macro   0x00010e47       0x22 src/ASF/common/services/clock/sam4e/sysclk.o
 .debug_macro   0x00010e69       0x16 src/ASF/common/services/clock/sam4e/sysclk.o
 .debug_macro   0x00010e7f       0x16 src/ASF/common/services/clock/sam4e/sysclk.o
 .debug_macro   0x00010e95       0x29 src/ASF/common/services/clock/sam4e/sysclk.o
 .debug_macro   0x00010ebe       0x73 src/ASF/common/services/clock/sam4e/sysclk.o
 .debug_macro   0x00010f31       0x3e src/ASF/common/services/clock/sam4e/sysclk.o
 .debug_macro   0x00010f6f      0x3ca src/ASF/common/services/clock/sam4e/sysclk.o
 .debug_macro   0x00011339      0x2d2 src/ASF/common/services/clock/sam4e/sysclk.o
 .debug_macro   0x0001160b      0x943 src/ASF/common/services/clock/sam4e/sysclk.o
 .debug_macro   0x00011f4e       0x58 src/ASF/common/services/clock/sam4e/sysclk.o
 .debug_macro   0x00011fa6       0x64 src/ASF/common/services/clock/sam4e/sysclk.o
 .debug_macro   0x0001200a       0x40 src/ASF/common/services/clock/sam4e/sysclk.o
 .debug_macro   0x0001204a       0x82 src/ASF/common/services/clock/sam4e/sysclk.o
 .debug_macro   0x000120cc      0x59d src/ASF/common/utils/interrupt/interrupt_sam_nvic.o
 .debug_macro   0x00012669      0x59d src/ASF/common/utils/stdio/read.o
 .debug_macro   0x00012c06      0x59d src/ASF/common/utils/stdio/write.o
 .debug_macro   0x000131a3      0x656 src/ASF/sam/boards/sam4e_xplained_pro/init.o
 .debug_macro   0x000137f9       0x28 src/ASF/sam/boards/sam4e_xplained_pro/init.o
 .debug_macro   0x00013821       0x82 src/ASF/sam/boards/sam4e_xplained_pro/init.o
 .debug_macro   0x000138a3      0x5b2 src/ASF/sam/drivers/pmc/pmc.o
 .debug_macro   0x00013e55       0x52 src/ASF/sam/drivers/pmc/pmc.o
 .debug_macro   0x00013ea7      0x5d6 src/ASF/sam/drivers/twi/twi.o
 .debug_macro   0x0001447d       0x46 src/ASF/sam/drivers/twi/twi.o
 .debug_macro   0x000144c3      0x5ac src/ASF/sam/drivers/uart/uart.o
 .debug_macro   0x00014a6f       0x16 src/ASF/sam/drivers/uart/uart.o
 .debug_macro   0x00014a85      0x5e2 src/ASF/sam/drivers/usart/usart.o
 .debug_macro   0x00015067       0x28 src/ASF/sam/drivers/usart/usart.o
 .debug_macro   0x0001508f      0x3a4 src/ASF/sam/utils/cmsis/sam4e/source/templates/exceptions.o
 .debug_macro   0x00015433      0x5b6 src/ASF/sam/utils/cmsis/sam4e/source/templates/gcc/startup_sam4e.o
 .debug_macro   0x000159e9       0x10 src/ASF/sam/utils/cmsis/sam4e/source/templates/gcc/startup_sam4e.o
 .debug_macro   0x000159f9      0x3b2 src/ASF/sam/utils/cmsis/sam4e/source/templates/system_sam4e.o
 .debug_macro   0x00015dab      0x1d6 src/ASF/sam/utils/syscalls/gcc/syscalls.o
 .debug_macro   0x00015f81       0x52 src/ASF/sam/utils/syscalls/gcc/syscalls.o
 .debug_macro   0x00015fd3       0x8d src/ASF/sam/utils/syscalls/gcc/syscalls.o
 .debug_macro   0x00016060       0x57 src/ASF/sam/utils/syscalls/gcc/syscalls.o
 .debug_macro   0x000160b7       0x97 src/ASF/sam/utils/syscalls/gcc/syscalls.o
 .debug_macro   0x0001614e      0x353 src/ASF/sam/utils/syscalls/gcc/syscalls.o
 .debug_macro   0x000164a1       0xf6 src/ASF/sam/utils/syscalls/gcc/syscalls.o
 .debug_macro   0x00016597       0x4c src/ASF/sam/utils/syscalls/gcc/syscalls.o
 .debug_macro   0x000165e3       0x16 src/ASF/sam/utils/syscalls/gcc/syscalls.o
 .debug_macro   0x000165f9       0x10 src/ASF/sam/utils/syscalls/gcc/syscalls.o
 .debug_macro   0x00016609       0x10 src/ASF/sam/utils/syscalls/gcc/syscalls.o
 .debug_macro   0x00016619       0x35 src/ASF/sam/utils/syscalls/gcc/syscalls.o
 .debug_macro   0x0001664e      0x122 src/ASF/sam/utils/syscalls/gcc/syscalls.o
 .debug_macro   0x00016770      0x710 src/main.o
 .debug_macro   0x00016e80       0x16 src/main.o
 .debug_macro   0x00016e96       0x1c src/main.o
 .debug_macro   0x00016eb2       0x4c src/main.o
 .debug_macro   0x00016efe       0x16 src/main.o

.debug_line     0x00000000     0x8c90
 .debug_line    0x00000000      0xa6f src/ASF/common/services/clock/sam4e/sysclk.o
 .debug_line    0x00000a6f      0x930 src/ASF/common/utils/interrupt/interrupt_sam_nvic.o
 .debug_line    0x0000139f      0x91b src/ASF/common/utils/stdio/read.o
 .debug_line    0x00001cba      0x913 src/ASF/common/utils/stdio/write.o
 .debug_line    0x000025cd      0xaee src/ASF/sam/boards/sam4e_xplained_pro/init.o
 .debug_line    0x000030bb      0xe29 src/ASF/sam/drivers/pmc/pmc.o
 .debug_line    0x00003ee4      0xba1 src/ASF/sam/drivers/twi/twi.o
 .debug_line    0x00004a85      0xace src/ASF/sam/drivers/uart/uart.o
 .debug_line    0x00005553      0xe97 src/ASF/sam/drivers/usart/usart.o
 .debug_line    0x000063ea      0x697 src/ASF/sam/utils/cmsis/sam4e/source/templates/exceptions.o
 .debug_line    0x00006a81      0x99e src/ASF/sam/utils/cmsis/sam4e/source/templates/gcc/startup_sam4e.o
 .debug_line    0x0000741f      0x71a src/ASF/sam/utils/cmsis/sam4e/source/templates/system_sam4e.o
 .debug_line    0x00007b39      0x40b src/ASF/sam/utils/syscalls/gcc/syscalls.o
 .debug_line    0x00007f44      0xd4c src/main.o

.debug_str      0x00000000    0x63547
 .debug_str     0x00000000    0x5fdf3 src/ASF/common/services/clock/sam4e/sysclk.o
                              0x60307 (size before relaxing)
 .debug_str     0x0005fdf3       0x94 src/ASF/common/utils/interrupt/interrupt_sam_nvic.o
                              0x5ba6e (size before relaxing)
 .debug_str     0x0005fe87       0x3f src/ASF/common/utils/stdio/read.o
                              0x5ba17 (size before relaxing)
 .debug_str     0x0005fec6       0x2e src/ASF/common/utils/stdio/write.o
                              0x5ba18 (size before relaxing)
 .debug_str     0x0005fef4      0x9c8 src/ASF/sam/boards/sam4e_xplained_pro/init.o
                              0x60a27 (size before relaxing)
 .debug_str     0x000608bc      0x5fe src/ASF/sam/drivers/pmc/pmc.o
                              0x5c3f6 (size before relaxing)
 .debug_str     0x00060eba      0x57f src/ASF/sam/drivers/twi/twi.o
                              0x5bfc1 (size before relaxing)
 .debug_str     0x00061439      0x34a src/ASF/sam/drivers/uart/uart.o
                              0x5bde5 (size before relaxing)
 .debug_str     0x00061783      0x94d src/ASF/sam/drivers/usart/usart.o
                              0x5c40c (size before relaxing)
 .debug_str     0x000620d0       0x4d src/ASF/sam/utils/cmsis/sam4e/source/templates/exceptions.o
                              0x4b254 (size before relaxing)
 .debug_str     0x0006211d      0x56d src/ASF/sam/utils/cmsis/sam4e/source/templates/gcc/startup_sam4e.o
                              0x5c025 (size before relaxing)
 .debug_str     0x0006268a      0x17b src/ASF/sam/utils/cmsis/sam4e/source/templates/system_sam4e.o
                              0x4b51e (size before relaxing)
 .debug_str     0x00062805      0x787 src/ASF/sam/utils/syscalls/gcc/syscalls.o
                               0x7462 (size before relaxing)
 .debug_str     0x00062f8c      0x5bb src/main.o
                              0x60ef7 (size before relaxing)

.debug_frame    0x00000000     0x1c24
 .debug_frame   0x00000000       0x58 src/ASF/common/services/clock/sam4e/sysclk.o
 .debug_frame   0x00000058       0x30 src/ASF/common/utils/interrupt/interrupt_sam_nvic.o
 .debug_frame   0x00000088       0x30 src/ASF/common/utils/stdio/read.o
 .debug_frame   0x000000b8       0x48 src/ASF/common/utils/stdio/write.o
 .debug_frame   0x00000100       0x28 src/ASF/sam/boards/sam4e_xplained_pro/init.o
 .debug_frame   0x00000128      0x39c src/ASF/sam/drivers/pmc/pmc.o
 .debug_frame   0x000004c4      0x1f4 src/ASF/sam/drivers/twi/twi.o
 .debug_frame   0x000006b8      0x1bc src/ASF/sam/drivers/uart/uart.o
 .debug_frame   0x00000874      0x48c src/ASF/sam/drivers/usart/usart.o
 .debug_frame   0x00000d00       0x20 src/ASF/sam/utils/cmsis/sam4e/source/templates/exceptions.o
 .debug_frame   0x00000d20       0x28 src/ASF/sam/utils/cmsis/sam4e/source/templates/gcc/startup_sam4e.o
 .debug_frame   0x00000d48       0x40 src/ASF/sam/utils/cmsis/sam4e/source/templates/system_sam4e.o
 .debug_frame   0x00000d88       0xa0 src/ASF/sam/utils/syscalls/gcc/syscalls.o
 .debug_frame   0x00000e28       0x7c src/main.o
 .debug_frame   0x00000ea4       0x2c c:/program files (x86)/atmel/studio/7.0/toolchain/arm/arm-gnu-toolchain/bin/../lib/gcc/arm-none-eabi/6.3.1/../../../../arm-none-eabi/lib/thumb/v7e-m\libc.a(lib_a-init.o)
 .debug_frame   0x00000ed0       0x74 c:/program files (x86)/atmel/studio/7.0/toolchain/arm/arm-gnu-toolchain/bin/../lib/gcc/arm-none-eabi/6.3.1/../../../../arm-none-eabi/lib/thumb/v7e-m\libc.a(lib_a-iprintf.o)
 .debug_frame   0x00000f44       0x34 c:/program files (x86)/atmel/studio/7.0/toolchain/arm/arm-gnu-toolchain/bin/../lib/gcc/arm-none-eabi/6.3.1/../../../../arm-none-eabi/lib/thumb/v7e-m\libc.a(lib_a-memset.o)
 .debug_frame   0x00000f78       0x4c c:/program files (x86)/atmel/studio/7.0/toolchain/arm/arm-gnu-toolchain/bin/../lib/gcc/arm-none-eabi/6.3.1/../../../../arm-none-eabi/lib/thumb/v7e-m\libc.a(lib_a-puts.o)
 .debug_frame   0x00000fc4       0x20 c:/program files (x86)/atmel/studio/7.0/toolchain/arm/arm-gnu-toolchain/bin/../lib/gcc/arm-none-eabi/6.3.1/../../../../arm-none-eabi/lib/thumb/v7e-m\libc.a(lib_a-setbuf.o)
 .debug_frame   0x00000fe4       0x48 c:/program files (x86)/atmel/studio/7.0/toolchain/arm/arm-gnu-toolchain/bin/../lib/gcc/arm-none-eabi/6.3.1/../../../../arm-none-eabi/lib/thumb/v7e-m\libc.a(lib_a-setvbuf.o)
 .debug_frame   0x0000102c       0xd8 c:/program files (x86)/atmel/studio/7.0/toolchain/arm/arm-gnu-toolchain/bin/../lib/gcc/arm-none-eabi/6.3.1/../../../../arm-none-eabi/lib/thumb/v7e-m\libc.a(lib_a-vfiprintf.o)
 .debug_frame   0x00001104       0x2c c:/program files (x86)/atmel/studio/7.0/toolchain/arm/arm-gnu-toolchain/bin/../lib/gcc/arm-none-eabi/6.3.1/../../../../arm-none-eabi/lib/thumb/v7e-m\libc.a(lib_a-wsetup.o)
 .debug_frame   0x00001130       0x5c c:/program files (x86)/atmel/studio/7.0/toolchain/arm/arm-gnu-toolchain/bin/../lib/gcc/arm-none-eabi/6.3.1/../../../../arm-none-eabi/lib/thumb/v7e-m\libc.a(lib_a-__call_atexit.o)
 .debug_frame   0x0000118c       0x20 c:/program files (x86)/atmel/studio/7.0/toolchain/arm/arm-gnu-toolchain/bin/../lib/gcc/arm-none-eabi/6.3.1/../../../../arm-none-eabi/lib/thumb/v7e-m\libc.a(lib_a-atexit.o)
 .debug_frame   0x000011ac       0x5c c:/program files (x86)/atmel/studio/7.0/toolchain/arm/arm-gnu-toolchain/bin/../lib/gcc/arm-none-eabi/6.3.1/../../../../arm-none-eabi/lib/thumb/v7e-m\libc.a(lib_a-fflush.o)
 .debug_frame   0x00001208      0x148 c:/program files (x86)/atmel/studio/7.0/toolchain/arm/arm-gnu-toolchain/bin/../lib/gcc/arm-none-eabi/6.3.1/../../../../arm-none-eabi/lib/thumb/v7e-m\libc.a(lib_a-findfp.o)
 .debug_frame   0x00001350       0x34 c:/program files (x86)/atmel/studio/7.0/toolchain/arm/arm-gnu-toolchain/bin/../lib/gcc/arm-none-eabi/6.3.1/../../../../arm-none-eabi/lib/thumb/v7e-m\libc.a(lib_a-fini.o)
 .debug_frame   0x00001384       0x94 c:/program files (x86)/atmel/studio/7.0/toolchain/arm/arm-gnu-toolchain/bin/../lib/gcc/arm-none-eabi/6.3.1/../../../../arm-none-eabi/lib/thumb/v7e-m\libc.a(lib_a-fputwc.o)
 .debug_frame   0x00001418       0x74 c:/program files (x86)/atmel/studio/7.0/toolchain/arm/arm-gnu-toolchain/bin/../lib/gcc/arm-none-eabi/6.3.1/../../../../arm-none-eabi/lib/thumb/v7e-m\libc.a(lib_a-freer.o)
 .debug_frame   0x0000148c       0x68 c:/program files (x86)/atmel/studio/7.0/toolchain/arm/arm-gnu-toolchain/bin/../lib/gcc/arm-none-eabi/6.3.1/../../../../arm-none-eabi/lib/thumb/v7e-m\libc.a(lib_a-fvwrite.o)
 .debug_frame   0x000014f4       0x54 c:/program files (x86)/atmel/studio/7.0/toolchain/arm/arm-gnu-toolchain/bin/../lib/gcc/arm-none-eabi/6.3.1/../../../../arm-none-eabi/lib/thumb/v7e-m\libc.a(lib_a-fwalk.o)
 .debug_frame   0x00001548       0x6c c:/program files (x86)/atmel/studio/7.0/toolchain/arm/arm-gnu-toolchain/bin/../lib/gcc/arm-none-eabi/6.3.1/../../../../arm-none-eabi/lib/thumb/v7e-m\libc.a(lib_a-locale.o)
 .debug_frame   0x000015b4       0xb0 c:/program files (x86)/atmel/studio/7.0/toolchain/arm/arm-gnu-toolchain/bin/../lib/gcc/arm-none-eabi/6.3.1/../../../../arm-none-eabi/lib/thumb/v7e-m\libc.a(lib_a-lock.o)
 .debug_frame   0x00001664       0x68 c:/program files (x86)/atmel/studio/7.0/toolchain/arm/arm-gnu-toolchain/bin/../lib/gcc/arm-none-eabi/6.3.1/../../../../arm-none-eabi/lib/thumb/v7e-m\libc.a(lib_a-makebuf.o)
 .debug_frame   0x000016cc       0x30 c:/program files (x86)/atmel/studio/7.0/toolchain/arm/arm-gnu-toolchain/bin/../lib/gcc/arm-none-eabi/6.3.1/../../../../arm-none-eabi/lib/thumb/v7e-m\libc.a(lib_a-malloc.o)
 .debug_frame   0x000016fc       0x58 c:/program files (x86)/atmel/studio/7.0/toolchain/arm/arm-gnu-toolchain/bin/../lib/gcc/arm-none-eabi/6.3.1/../../../../arm-none-eabi/lib/thumb/v7e-m\libc.a(lib_a-mallocr.o)
 .debug_frame   0x00001754       0x4c c:/program files (x86)/atmel/studio/7.0/toolchain/arm/arm-gnu-toolchain/bin/../lib/gcc/arm-none-eabi/6.3.1/../../../../arm-none-eabi/lib/thumb/v7e-m\libc.a(lib_a-mbtowc_r.o)
 .debug_frame   0x000017a0       0x30 c:/program files (x86)/atmel/studio/7.0/toolchain/arm/arm-gnu-toolchain/bin/../lib/gcc/arm-none-eabi/6.3.1/../../../../arm-none-eabi/lib/thumb/v7e-m\libc.a(lib_a-memmove.o)
 .debug_frame   0x000017d0       0x30 c:/program files (x86)/atmel/studio/7.0/toolchain/arm/arm-gnu-toolchain/bin/../lib/gcc/arm-none-eabi/6.3.1/../../../../arm-none-eabi/lib/thumb/v7e-m\libc.a(lib_a-mlock.o)
 .debug_frame   0x00001800       0x68 c:/program files (x86)/atmel/studio/7.0/toolchain/arm/arm-gnu-toolchain/bin/../lib/gcc/arm-none-eabi/6.3.1/../../../../arm-none-eabi/lib/thumb/v7e-m\libc.a(lib_a-reallocr.o)
 .debug_frame   0x00001868       0x2c c:/program files (x86)/atmel/studio/7.0/toolchain/arm/arm-gnu-toolchain/bin/../lib/gcc/arm-none-eabi/6.3.1/../../../../arm-none-eabi/lib/thumb/v7e-m\libc.a(lib_a-sbrkr.o)
 .debug_frame   0x00001894       0x88 c:/program files (x86)/atmel/studio/7.0/toolchain/arm/arm-gnu-toolchain/bin/../lib/gcc/arm-none-eabi/6.3.1/../../../../arm-none-eabi/lib/thumb/v7e-m\libc.a(lib_a-stdio.o)
 .debug_frame   0x0000191c       0x40 c:/program files (x86)/atmel/studio/7.0/toolchain/arm/arm-gnu-toolchain/bin/../lib/gcc/arm-none-eabi/6.3.1/../../../../arm-none-eabi/lib/thumb/v7e-m\libc.a(lib_a-wbuf.o)
 .debug_frame   0x0000195c       0x5c c:/program files (x86)/atmel/studio/7.0/toolchain/arm/arm-gnu-toolchain/bin/../lib/gcc/arm-none-eabi/6.3.1/../../../../arm-none-eabi/lib/thumb/v7e-m\libc.a(lib_a-wcrtomb.o)
 .debug_frame   0x000019b8       0x3c c:/program files (x86)/atmel/studio/7.0/toolchain/arm/arm-gnu-toolchain/bin/../lib/gcc/arm-none-eabi/6.3.1/../../../../arm-none-eabi/lib/thumb/v7e-m\libc.a(lib_a-wctomb_r.o)
 .debug_frame   0x000019f4       0x2c c:/program files (x86)/atmel/studio/7.0/toolchain/arm/arm-gnu-toolchain/bin/../lib/gcc/arm-none-eabi/6.3.1/../../../../arm-none-eabi/lib/thumb/v7e-m\libc.a(lib_a-writer.o)
 .debug_frame   0x00001a20       0x34 c:/program files (x86)/atmel/studio/7.0/toolchain/arm/arm-gnu-toolchain/bin/../lib/gcc/arm-none-eabi/6.3.1/../../../../arm-none-eabi/lib/thumb/v7e-m\libc.a(lib_a-__atexit.o)
 .debug_frame   0x00001a54       0x2c c:/program files (x86)/atmel/studio/7.0/toolchain/arm/arm-gnu-toolchain/bin/../lib/gcc/arm-none-eabi/6.3.1/../../../../arm-none-eabi/lib/thumb/v7e-m\libc.a(lib_a-closer.o)
 .debug_frame   0x00001a80       0x3c c:/program files (x86)/atmel/studio/7.0/toolchain/arm/arm-gnu-toolchain/bin/../lib/gcc/arm-none-eabi/6.3.1/../../../../arm-none-eabi/lib/thumb/v7e-m\libc.a(lib_a-fclose.o)
 .debug_frame   0x00001abc       0x2c c:/program files (x86)/atmel/studio/7.0/toolchain/arm/arm-gnu-toolchain/bin/../lib/gcc/arm-none-eabi/6.3.1/../../../../arm-none-eabi/lib/thumb/v7e-m\libc.a(lib_a-fstatr.o)
 .debug_frame   0x00001ae8       0x2c c:/program files (x86)/atmel/studio/7.0/toolchain/arm/arm-gnu-toolchain/bin/../lib/gcc/arm-none-eabi/6.3.1/../../../../arm-none-eabi/lib/thumb/v7e-m\libc.a(lib_a-isattyr.o)
 .debug_frame   0x00001b14       0x2c c:/program files (x86)/atmel/studio/7.0/toolchain/arm/arm-gnu-toolchain/bin/../lib/gcc/arm-none-eabi/6.3.1/../../../../arm-none-eabi/lib/thumb/v7e-m\libc.a(lib_a-lseekr.o)
 .debug_frame   0x00001b40       0x2c c:/program files (x86)/atmel/studio/7.0/toolchain/arm/arm-gnu-toolchain/bin/../lib/gcc/arm-none-eabi/6.3.1/../../../../arm-none-eabi/lib/thumb/v7e-m\libc.a(lib_a-readr.o)
 .debug_frame   0x00001b6c       0x58 c:/program files (x86)/atmel/studio/7.0/toolchain/arm/arm-gnu-toolchain/bin/../lib/gcc/arm-none-eabi/6.3.1/../../../../arm-none-eabi/lib/thumb/v7e-m\libc.a(lib_a-reent.o)
 .debug_frame   0x00001bc4       0x2c c:/program files (x86)/atmel/studio/7.0/toolchain/arm/arm-gnu-toolchain/bin/../lib/gcc/arm-none-eabi/6.3.1/thumb/v7e-m\libgcc.a(_aeabi_uldivmod.o)
 .debug_frame   0x00001bf0       0x34 c:/program files (x86)/atmel/studio/7.0/toolchain/arm/arm-gnu-toolchain/bin/../lib/gcc/arm-none-eabi/6.3.1/thumb/v7e-m\libgcc.a(_udivmoddi4.o)

Cross Reference Table

Symbol                                            File
ACC_Handler                                       src/ASF/sam/utils/cmsis/sam4e/source/templates/exceptions.o
                                                  src/ASF/sam/utils/cmsis/sam4e/source/templates/gcc/startup_sam4e.o
AES_Handler                                       src/ASF/sam/utils/cmsis/sam4e/source/templates/exceptions.o
                                                  src/ASF/sam/utils/cmsis/sam4e/source/templates/gcc/startup_sam4e.o
AFEC0_Handler                                     src/ASF/sam/utils/cmsis/sam4e/source/templates/exceptions.o
                                                  src/ASF/sam/utils/cmsis/sam4e/source/templates/gcc/startup_sam4e.o
AFEC1_Handler                                     src/ASF/sam/utils/cmsis/sam4e/source/templates/exceptions.o
                                                  src/ASF/sam/utils/cmsis/sam4e/source/templates/gcc/startup_sam4e.o
ARM_Handler                                       src/ASF/sam/utils/cmsis/sam4e/source/templates/exceptions.o
                                                  src/ASF/sam/utils/cmsis/sam4e/source/templates/gcc/startup_sam4e.o
BusFault_Handler                                  src/ASF/sam/utils/cmsis/sam4e/source/templates/exceptions.o
                                                  src/ASF/sam/utils/cmsis/sam4e/source/templates/gcc/startup_sam4e.o
CAN0_Handler                                      src/ASF/sam/utils/cmsis/sam4e/source/templates/exceptions.o
                                                  src/ASF/sam/utils/cmsis/sam4e/source/templates/gcc/startup_sam4e.o
CAN1_Handler                                      src/ASF/sam/utils/cmsis/sam4e/source/templates/exceptions.o
                                                  src/ASF/sam/utils/cmsis/sam4e/source/templates/gcc/startup_sam4e.o
DACC_Handler                                      src/ASF/sam/utils/cmsis/sam4e/source/templates/exceptions.o
                                                  src/ASF/sam/utils/cmsis/sam4e/source/templates/gcc/startup_sam4e.o
DMAC_Handler                                      src/ASF/sam/utils/cmsis/sam4e/source/templates/exceptions.o
                                                  src/ASF/sam/utils/cmsis/sam4e/source/templates/gcc/startup_sam4e.o
DebugMon_Handler                                  src/ASF/sam/utils/cmsis/sam4e/source/templates/exceptions.o
                                                  src/ASF/sam/utils/cmsis/sam4e/source/templates/gcc/startup_sam4e.o
Dummy_Handler                                     src/ASF/sam/utils/cmsis/sam4e/source/templates/exceptions.o
                                                  src/ASF/sam/utils/cmsis/sam4e/source/templates/gcc/startup_sam4e.o
EFC_Handler                                       src/ASF/sam/utils/cmsis/sam4e/source/templates/exceptions.o
                                                  src/ASF/sam/utils/cmsis/sam4e/source/templates/gcc/startup_sam4e.o
GMAC_Handler                                      src/ASF/sam/utils/cmsis/sam4e/source/templates/exceptions.o
                                                  src/ASF/sam/utils/cmsis/sam4e/source/templates/gcc/startup_sam4e.o
HSMCI_Handler                                     src/ASF/sam/utils/cmsis/sam4e/source/templates/exceptions.o
                                                  src/ASF/sam/utils/cmsis/sam4e/source/templates/gcc/startup_sam4e.o
HardFault_Handler                                 src/ASF/sam/utils/cmsis/sam4e/source/templates/exceptions.o
                                                  src/ASF/sam/utils/cmsis/sam4e/source/templates/gcc/startup_sam4e.o
MemManage_Handler                                 src/ASF/sam/utils/cmsis/sam4e/source/templates/exceptions.o
                                                  src/ASF/sam/utils/cmsis/sam4e/source/templates/gcc/startup_sam4e.o
NMI_Handler                                       src/ASF/sam/utils/cmsis/sam4e/source/templates/exceptions.o
                                                  src/ASF/sam/utils/cmsis/sam4e/source/templates/gcc/startup_sam4e.o
PIOA_Handler                                      src/ASF/sam/utils/cmsis/sam4e/source/templates/exceptions.o
                                                  src/ASF/sam/utils/cmsis/sam4e/source/templates/gcc/startup_sam4e.o
PIOB_Handler                                      src/ASF/sam/utils/cmsis/sam4e/source/templates/exceptions.o
                                                  src/ASF/sam/utils/cmsis/sam4e/source/templates/gcc/startup_sam4e.o
PIOC_Handler                                      src/ASF/sam/utils/cmsis/sam4e/source/templates/exceptions.o
                                                  src/ASF/sam/utils/cmsis/sam4e/source/templates/gcc/startup_sam4e.o
PIOD_Handler                                      src/ASF/sam/utils/cmsis/sam4e/source/templates/exceptions.o
                                                  src/ASF/sam/utils/cmsis/sam4e/source/templates/gcc/startup_sam4e.o
PIOE_Handler                                      src/ASF/sam/utils/cmsis/sam4e/source/templates/exceptions.o
                                                  src/ASF/sam/utils/cmsis/sam4e/source/templates/gcc/startup_sam4e.o
PMC_Handler                                       src/ASF/sam/utils/cmsis/sam4e/source/templates/exceptions.o
                                                  src/ASF/sam/utils/cmsis/sam4e/source/templates/gcc/startup_sam4e.o
PWM_Handler                                       src/ASF/sam/utils/cmsis/sam4e/source/templates/exceptions.o
                                                  src/ASF/sam/utils/cmsis/sam4e/source/templates/gcc/startup_sam4e.o
PendSV_Handler                                    src/ASF/sam/utils/cmsis/sam4e/source/templates/exceptions.o
                                                  src/ASF/sam/utils/cmsis/sam4e/source/templates/gcc/startup_sam4e.o
RSTC_Handler                                      src/ASF/sam/utils/cmsis/sam4e/source/templates/exceptions.o
                                                  src/ASF/sam/utils/cmsis/sam4e/source/templates/gcc/startup_sam4e.o
RTC_Handler                                       src/ASF/sam/utils/cmsis/sam4e/source/templates/exceptions.o
                                                  src/ASF/sam/utils/cmsis/sam4e/source/templates/gcc/startup_sam4e.o
RTT_Handler                                       src/ASF/sam/utils/cmsis/sam4e/source/templates/exceptions.o
                                                  src/ASF/sam/utils/cmsis/sam4e/source/templates/gcc/startup_sam4e.o
Reset_Handler                                     src/ASF/sam/utils/cmsis/sam4e/source/templates/gcc/startup_sam4e.o
                                                  src/ASF/sam/utils/cmsis/sam4e/source/templates/exceptions.o
SMC_Handler                                       src/ASF/sam/utils/cmsis/sam4e/source/templates/exceptions.o